[    0.000000] Linux version 4.15.0-70-generic (buildd@lgw01-amd64-057) (gcc version 5.4.0 20160609 (Ubuntu 5.4.0-6ubuntu1~16.04.12)) #79~16.04.1-Ubuntu SMP Tue Nov 12 14:01:10 UTC 2019 (Ubuntu 4.15.0-70.79~16.04.1-generic 4.15.18)
[    0.000000] Command line: BOOT_IMAGE=/boot/vmlinuz-4.15.0-70-generic root=UUID=1049b65f-f167-4c20-b276-b60a38cbae68 ro find_preseed=/preseed.cfg auto noprompt priority=critical locale=en_US quiet
[    0.000000] KERNEL supported cpus:
[    0.000000]   Intel GenuineIntel
[    0.000000]   AMD AuthenticAMD
[    0.000000]   Centaur CentaurHauls
[    0.000000] Disabled fast string operations
[    0.000000] x86/fpu: Supporting XSAVE feature 0x001: 'x87 floating point registers'
[    0.000000] x86/fpu: Supporting XSAVE feature 0x002: 'SSE registers'
[    0.000000] x86/fpu: Supporting XSAVE feature 0x004: 'AVX registers'
[    0.000000] x86/fpu: Supporting XSAVE feature 0x008: 'MPX bounds registers'
[    0.000000] x86/fpu: Supporting XSAVE feature 0x010: 'MPX CSR'
[    0.000000] x86/fpu: xstate_offset[2]:  576, xstate_sizes[2]:  256
[    0.000000] x86/fpu: xstate_offset[3]:  832, xstate_sizes[3]:   64
[    0.000000] x86/fpu: xstate_offset[4]:  896, xstate_sizes[4]:   64
[    0.000000] x86/fpu: Enabled xstate features 0x1f, context size is 960 bytes, using 'compacted' format.
[    0.000000] e820: BIOS-provided physical RAM map:
[    0.000000] BIOS-e820: [mem 0x0000000000000000-0x000000000009e7ff] usable
[    0.000000] BIOS-e820: [mem 0x000000000009e800-0x000000000009ffff] reserved
[    0.000000] BIOS-e820: [mem 0x00000000000dc000-0x00000000000fffff] reserved
[    0.000000] BIOS-e820: [mem 0x0000000000100000-0x00000000bfecffff] usable
[    0.000000] BIOS-e820: [mem 0x00000000bfed0000-0x00000000bfefefff] ACPI data
[    0.000000] BIOS-e820: [mem 0x00000000bfeff000-0x00000000bfefffff] ACPI NVS
[    0.000000] BIOS-e820: [mem 0x00000000bff00000-0x00000000bfffffff] usable
[    0.000000] BIOS-e820: [mem 0x00000000f0000000-0x00000000f7ffffff] reserved
[    0.000000] BIOS-e820: [mem 0x00000000fec00000-0x00000000fec0ffff] reserved
[    0.000000] BIOS-e820: [mem 0x00000000fee00000-0x00000000fee00fff] reserved
[    0.000000] BIOS-e820: [mem 0x00000000fffe0000-0x00000000ffffffff] reserved
[    0.000000] BIOS-e820: [mem 0x0000000100000000-0x00000002bfffffff] usable
[    0.000000] NX (Execute Disable) protection: active
[    0.000000] SMBIOS 2.7 present.
[    0.000000] DMI: VMware, Inc. VMware Virtual Platform/440BX Desktop Reference Platform, BIOS 6.00 04/13/2018
[    0.000000] Hypervisor detected: VMware
[    0.000000] vmware: TSC freq read from hypervisor : 2592.001 MHz
[    0.000000] vmware: Host bus clock speed read from hypervisor : 66000000 Hz
[    0.000000] vmware: using sched offset of 4734408557 ns
[    0.000000] e820: update [mem 0x00000000-0x00000fff] usable ==> reserved
[    0.000000] e820: remove [mem 0x000a0000-0x000fffff] usable
[    0.000000] e820: last_pfn = 0x2c0000 max_arch_pfn = 0x400000000
[    0.000000] MTRR default type: uncachable
[    0.000000] MTRR fixed ranges enabled:
[    0.000000]   00000-9FFFF write-back
[    0.000000]   A0000-BFFFF uncachable
[    0.000000]   C0000-CFFFF write-protect
[    0.000000]   D0000-EFFFF uncachable
[    0.000000]   F0000-FFFFF write-protect
[    0.000000] MTRR variable ranges enabled:
[    0.000000]   0 base 00000000000 mask 7C000000000 write-back
[    0.000000]   1 base 000C0000000 mask 7FFC0000000 uncachable
[    0.000000]   2 disabled
[    0.000000]   3 disabled
[    0.000000]   4 disabled
[    0.000000]   5 disabled
[    0.000000]   6 disabled
[    0.000000]   7 disabled
[    0.000000] x86/PAT: Configuration [0-7]: WB  WC  UC- UC  WB  WP  UC- WT  
[    0.000000] total RAM covered: 261120M
[    0.000000]  gran_size: 64K 	chunk_size: 64K 	num_reg: 8  	lose cover RAM: 0G
[    0.000000]  gran_size: 64K 	chunk_size: 128K 	num_reg: 8  	lose cover RAM: 0G
[    0.000000]  gran_size: 64K 	chunk_size: 256K 	num_reg: 8  	lose cover RAM: 0G
[    0.000000]  gran_size: 64K 	chunk_size: 512K 	num_reg: 8  	lose cover RAM: 0G
[    0.000000]  gran_size: 64K 	chunk_size: 1M 	num_reg: 8  	lose cover RAM: 0G
[    0.000000]  gran_size: 64K 	chunk_size: 2M 	num_reg: 8  	lose cover RAM: 0G
[    0.000000]  gran_size: 64K 	chunk_size: 4M 	num_reg: 8  	lose cover RAM: 0G
[    0.000000]  gran_size: 64K 	chunk_size: 8M 	num_reg: 8  	lose cover RAM: 0G
[    0.000000]  gran_size: 64K 	chunk_size: 16M 	num_reg: 8  	lose cover RAM: 0G
[    0.000000]  gran_size: 64K 	chunk_size: 32M 	num_reg: 8  	lose cover RAM: 0G
[    0.000000]  gran_size: 64K 	chunk_size: 64M 	num_reg: 8  	lose cover RAM: 0G
[    0.000000]  gran_size: 64K 	chunk_size: 128M 	num_reg: 8  	lose cover RAM: 0G
[    0.000000]  gran_size: 64K 	chunk_size: 256M 	num_reg: 8  	lose cover RAM: 0G
[    0.000000]  gran_size: 64K 	chunk_size: 512M 	num_reg: 8  	lose cover RAM: 0G
[    0.000000]  gran_size: 64K 	chunk_size: 1G 	num_reg: 8  	lose cover RAM: 0G
[    0.000000]  gran_size: 64K 	chunk_size: 2G 	num_reg: 8  	lose cover RAM: 0G
[    0.000000]  gran_size: 128K 	chunk_size: 128K 	num_reg: 8  	lose cover RAM: 0G
[    0.000000]  gran_size: 128K 	chunk_size: 256K 	num_reg: 8  	lose cover RAM: 0G
[    0.000000]  gran_size: 128K 	chunk_size: 512K 	num_reg: 8  	lose cover RAM: 0G
[    0.000000]  gran_size: 128K 	chunk_size: 1M 	num_reg: 8  	lose cover RAM: 0G
[    0.000000]  gran_size: 128K 	chunk_size: 2M 	num_reg: 8  	lose cover RAM: 0G
[    0.000000]  gran_size: 128K 	chunk_size: 4M 	num_reg: 8  	lose cover RAM: 0G
[    0.000000]  gran_size: 128K 	chunk_size: 8M 	num_reg: 8  	lose cover RAM: 0G
[    0.000000]  gran_size: 128K 	chunk_size: 16M 	num_reg: 8  	lose cover RAM: 0G
[    0.000000]  gran_size: 128K 	chunk_size: 32M 	num_reg: 8  	lose cover RAM: 0G
[    0.000000]  gran_size: 128K 	chunk_size: 64M 	num_reg: 8  	lose cover RAM: 0G
[    0.000000]  gran_size: 128K 	chunk_size: 128M 	num_reg: 8  	lose cover RAM: 0G
[    0.000000]  gran_size: 128K 	chunk_size: 256M 	num_reg: 8  	lose cover RAM: 0G
[    0.000000]  gran_size: 128K 	chunk_size: 512M 	num_reg: 8  	lose cover RAM: 0G
[    0.000000]  gran_size: 128K 	chunk_size: 1G 	num_reg: 8  	lose cover RAM: 0G
[    0.000000]  gran_size: 128K 	chunk_size: 2G 	num_reg: 8  	lose cover RAM: 0G
[    0.000000]  gran_size: 256K 	chunk_size: 256K 	num_reg: 8  	lose cover RAM: 0G
[    0.000000]  gran_size: 256K 	chunk_size: 512K 	num_reg: 8  	lose cover RAM: 0G
[    0.000000]  gran_size: 256K 	chunk_size: 1M 	num_reg: 8  	lose cover RAM: 0G
[    0.000000]  gran_size: 256K 	chunk_size: 2M 	num_reg: 8  	lose cover RAM: 0G
[    0.000000]  gran_size: 256K 	chunk_size: 4M 	num_reg: 8  	lose cover RAM: 0G
[    0.000000]  gran_size: 256K 	chunk_size: 8M 	num_reg: 8  	lose cover RAM: 0G
[    0.000000]  gran_size: 256K 	chunk_size: 16M 	num_reg: 8  	lose cover RAM: 0G
[    0.000000]  gran_size: 256K 	chunk_size: 32M 	num_reg: 8  	lose cover RAM: 0G
[    0.000000]  gran_size: 256K 	chunk_size: 64M 	num_reg: 8  	lose cover RAM: 0G
[    0.000000]  gran_size: 256K 	chunk_size: 128M 	num_reg: 8  	lose cover RAM: 0G
[    0.000000]  gran_size: 256K 	chunk_size: 256M 	num_reg: 8  	lose cover RAM: 0G
[    0.000000]  gran_size: 256K 	chunk_size: 512M 	num_reg: 8  	lose cover RAM: 0G
[    0.000000]  gran_size: 256K 	chunk_size: 1G 	num_reg: 8  	lose cover RAM: 0G
[    0.000000]  gran_size: 256K 	chunk_size: 2G 	num_reg: 8  	lose cover RAM: 0G
[    0.000000]  gran_size: 512K 	chunk_size: 512K 	num_reg: 8  	lose cover RAM: 0G
[    0.000000]  gran_size: 512K 	chunk_size: 1M 	num_reg: 8  	lose cover RAM: 0G
[    0.000000]  gran_size: 512K 	chunk_size: 2M 	num_reg: 8  	lose cover RAM: 0G
[    0.000000]  gran_size: 512K 	chunk_size: 4M 	num_reg: 8  	lose cover RAM: 0G
[    0.000000]  gran_size: 512K 	chunk_size: 8M 	num_reg: 8  	lose cover RAM: 0G
[    0.000000]  gran_size: 512K 	chunk_size: 16M 	num_reg: 8  	lose cover RAM: 0G
[    0.000000]  gran_size: 512K 	chunk_size: 32M 	num_reg: 8  	lose cover RAM: 0G
[    0.000000]  gran_size: 512K 	chunk_size: 64M 	num_reg: 8  	lose cover RAM: 0G
[    0.000000]  gran_size: 512K 	chunk_size: 128M 	num_reg: 8  	lose cover RAM: 0G
[    0.000000]  gran_size: 512K 	chunk_size: 256M 	num_reg: 8  	lose cover RAM: 0G
[    0.000000]  gran_size: 512K 	chunk_size: 512M 	num_reg: 8  	lose cover RAM: 0G
[    0.000000]  gran_size: 512K 	chunk_size: 1G 	num_reg: 8  	lose cover RAM: 0G
[    0.000000]  gran_size: 512K 	chunk_size: 2G 	num_reg: 8  	lose cover RAM: 0G
[    0.000000]  gran_size: 1M 	chunk_size: 1M 	num_reg: 8  	lose cover RAM: 0G
[    0.000000]  gran_size: 1M 	chunk_size: 2M 	num_reg: 8  	lose cover RAM: 0G
[    0.000000]  gran_size: 1M 	chunk_size: 4M 	num_reg: 8  	lose cover RAM: 0G
[    0.000000]  gran_size: 1M 	chunk_size: 8M 	num_reg: 8  	lose cover RAM: 0G
[    0.000000]  gran_size: 1M 	chunk_size: 16M 	num_reg: 8  	lose cover RAM: 0G
[    0.000000]  gran_size: 1M 	chunk_size: 32M 	num_reg: 8  	lose cover RAM: 0G
[    0.000000]  gran_size: 1M 	chunk_size: 64M 	num_reg: 8  	lose cover RAM: 0G
[    0.000000]  gran_size: 1M 	chunk_size: 128M 	num_reg: 8  	lose cover RAM: 0G
[    0.000000]  gran_size: 1M 	chunk_size: 256M 	num_reg: 8  	lose cover RAM: 0G
[    0.000000]  gran_size: 1M 	chunk_size: 512M 	num_reg: 8  	lose cover RAM: 0G
[    0.000000]  gran_size: 1M 	chunk_size: 1G 	num_reg: 8  	lose cover RAM: 0G
[    0.000000]  gran_size: 1M 	chunk_size: 2G 	num_reg: 8  	lose cover RAM: 0G
[    0.000000]  gran_size: 2M 	chunk_size: 2M 	num_reg: 8  	lose cover RAM: 0G
[    0.000000]  gran_size: 2M 	chunk_size: 4M 	num_reg: 8  	lose cover RAM: 0G
[    0.000000]  gran_size: 2M 	chunk_size: 8M 	num_reg: 8  	lose cover RAM: 0G
[    0.000000]  gran_size: 2M 	chunk_size: 16M 	num_reg: 8  	lose cover RAM: 0G
[    0.000000]  gran_size: 2M 	chunk_size: 32M 	num_reg: 8  	lose cover RAM: 0G
[    0.000000]  gran_size: 2M 	chunk_size: 64M 	num_reg: 8  	lose cover RAM: 0G
[    0.000000]  gran_size: 2M 	chunk_size: 128M 	num_reg: 8  	lose cover RAM: 0G
[    0.000000]  gran_size: 2M 	chunk_size: 256M 	num_reg: 8  	lose cover RAM: 0G
[    0.000000]  gran_size: 2M 	chunk_size: 512M 	num_reg: 8  	lose cover RAM: 0G
[    0.000000]  gran_size: 2M 	chunk_size: 1G 	num_reg: 8  	lose cover RAM: 0G
[    0.000000]  gran_size: 2M 	chunk_size: 2G 	num_reg: 8  	lose cover RAM: 0G
[    0.000000]  gran_size: 4M 	chunk_size: 4M 	num_reg: 8  	lose cover RAM: 0G
[    0.000000]  gran_size: 4M 	chunk_size: 8M 	num_reg: 8  	lose cover RAM: 0G
[    0.000000]  gran_size: 4M 	chunk_size: 16M 	num_reg: 8  	lose cover RAM: 0G
[    0.000000]  gran_size: 4M 	chunk_size: 32M 	num_reg: 8  	lose cover RAM: 0G
[    0.000000]  gran_size: 4M 	chunk_size: 64M 	num_reg: 8  	lose cover RAM: 0G
[    0.000000]  gran_size: 4M 	chunk_size: 128M 	num_reg: 8  	lose cover RAM: 0G
[    0.000000]  gran_size: 4M 	chunk_size: 256M 	num_reg: 8  	lose cover RAM: 0G
[    0.000000]  gran_size: 4M 	chunk_size: 512M 	num_reg: 8  	lose cover RAM: 0G
[    0.000000]  gran_size: 4M 	chunk_size: 1G 	num_reg: 8  	lose cover RAM: 0G
[    0.000000]  gran_size: 4M 	chunk_size: 2G 	num_reg: 8  	lose cover RAM: 0G
[    0.000000]  gran_size: 8M 	chunk_size: 8M 	num_reg: 8  	lose cover RAM: 0G
[    0.000000]  gran_size: 8M 	chunk_size: 16M 	num_reg: 8  	lose cover RAM: 0G
[    0.000000]  gran_size: 8M 	chunk_size: 32M 	num_reg: 8  	lose cover RAM: 0G
[    0.000000]  gran_size: 8M 	chunk_size: 64M 	num_reg: 8  	lose cover RAM: 0G
[    0.000000]  gran_size: 8M 	chunk_size: 128M 	num_reg: 8  	lose cover RAM: 0G
[    0.000000]  gran_size: 8M 	chunk_size: 256M 	num_reg: 8  	lose cover RAM: 0G
[    0.000000]  gran_size: 8M 	chunk_size: 512M 	num_reg: 8  	lose cover RAM: 0G
[    0.000000]  gran_size: 8M 	chunk_size: 1G 	num_reg: 8  	lose cover RAM: 0G
[    0.000000]  gran_size: 8M 	chunk_size: 2G 	num_reg: 8  	lose cover RAM: 0G
[    0.000000]  gran_size: 16M 	chunk_size: 16M 	num_reg: 8  	lose cover RAM: 0G
[    0.000000]  gran_size: 16M 	chunk_size: 32M 	num_reg: 8  	lose cover RAM: 0G
[    0.000000]  gran_size: 16M 	chunk_size: 64M 	num_reg: 8  	lose cover RAM: 0G
[    0.000000]  gran_size: 16M 	chunk_size: 128M 	num_reg: 8  	lose cover RAM: 0G
[    0.000000]  gran_size: 16M 	chunk_size: 256M 	num_reg: 8  	lose cover RAM: 0G
[    0.000000]  gran_size: 16M 	chunk_size: 512M 	num_reg: 8  	lose cover RAM: 0G
[    0.000000]  gran_size: 16M 	chunk_size: 1G 	num_reg: 8  	lose cover RAM: 0G
[    0.000000]  gran_size: 16M 	chunk_size: 2G 	num_reg: 8  	lose cover RAM: 0G
[    0.000000]  gran_size: 32M 	chunk_size: 32M 	num_reg: 8  	lose cover RAM: 0G
[    0.000000]  gran_size: 32M 	chunk_size: 64M 	num_reg: 8  	lose cover RAM: 0G
[    0.000000]  gran_size: 32M 	chunk_size: 128M 	num_reg: 8  	lose cover RAM: 0G
[    0.000000]  gran_size: 32M 	chunk_size: 256M 	num_reg: 8  	lose cover RAM: 0G
[    0.000000]  gran_size: 32M 	chunk_size: 512M 	num_reg: 8  	lose cover RAM: 0G
[    0.000000]  gran_size: 32M 	chunk_size: 1G 	num_reg: 8  	lose cover RAM: 0G
[    0.000000]  gran_size: 32M 	chunk_size: 2G 	num_reg: 8  	lose cover RAM: 0G
[    0.000000]  gran_size: 64M 	chunk_size: 64M 	num_reg: 8  	lose cover RAM: 0G
[    0.000000]  gran_size: 64M 	chunk_size: 128M 	num_reg: 8  	lose cover RAM: 0G
[    0.000000]  gran_size: 64M 	chunk_size: 256M 	num_reg: 8  	lose cover RAM: 0G
[    0.000000]  gran_size: 64M 	chunk_size: 512M 	num_reg: 8  	lose cover RAM: 0G
[    0.000000]  gran_size: 64M 	chunk_size: 1G 	num_reg: 8  	lose cover RAM: 0G
[    0.000000]  gran_size: 64M 	chunk_size: 2G 	num_reg: 8  	lose cover RAM: 0G
[    0.000000]  gran_size: 128M 	chunk_size: 128M 	num_reg: 8  	lose cover RAM: 0G
[    0.000000]  gran_size: 128M 	chunk_size: 256M 	num_reg: 8  	lose cover RAM: 0G
[    0.000000]  gran_size: 128M 	chunk_size: 512M 	num_reg: 8  	lose cover RAM: 0G
[    0.000000]  gran_size: 128M 	chunk_size: 1G 	num_reg: 8  	lose cover RAM: 0G
[    0.000000]  gran_size: 128M 	chunk_size: 2G 	num_reg: 8  	lose cover RAM: 0G
[    0.000000]  gran_size: 256M 	chunk_size: 256M 	num_reg: 8  	lose cover RAM: 0G
[    0.000000]  gran_size: 256M 	chunk_size: 512M 	num_reg: 8  	lose cover RAM: 0G
[    0.000000]  gran_size: 256M 	chunk_size: 1G 	num_reg: 8  	lose cover RAM: 0G
[    0.000000]  gran_size: 256M 	chunk_size: 2G 	num_reg: 8  	lose cover RAM: 0G
[    0.000000]  gran_size: 512M 	chunk_size: 512M 	num_reg: 8  	lose cover RAM: 0G
[    0.000000]  gran_size: 512M 	chunk_size: 1G 	num_reg: 8  	lose cover RAM: 0G
[    0.000000]  gran_size: 512M 	chunk_size: 2G 	num_reg: 8  	lose cover RAM: 0G
[    0.000000]  gran_size: 1G 	chunk_size: 1G 	num_reg: 8  	lose cover RAM: 0G
[    0.000000]  gran_size: 1G 	chunk_size: 2G 	num_reg: 8  	lose cover RAM: 0G
[    0.000000]  gran_size: 2G 	chunk_size: 2G 	num_reg: 7  	lose cover RAM: 1G
[    0.000000] mtrr_cleanup: can not find optimal value
[    0.000000] please specify mtrr_gran_size/mtrr_chunk_size
[    0.000000] e820: update [mem 0xc0000000-0xffffffff] usable ==> reserved
[    0.000000] e820: last_pfn = 0xc0000 max_arch_pfn = 0x400000000
[    0.000000] found SMP MP-table at [mem 0x000f6a80-0x000f6a8f]
[    0.000000] Scanning 1 areas for low memory corruption
[    0.000000] Using GB pages for direct mapping
[    0.000000] BRK [0x252340000, 0x252340fff] PGTABLE
[    0.000000] BRK [0x252341000, 0x252341fff] PGTABLE
[    0.000000] BRK [0x252342000, 0x252342fff] PGTABLE
[    0.000000] BRK [0x252343000, 0x252343fff] PGTABLE
[    0.000000] BRK [0x252344000, 0x252344fff] PGTABLE
[    0.000000] BRK [0x252345000, 0x252345fff] PGTABLE
[    0.000000] RAMDISK: [mem 0x31544000-0x34a99fff]
[    0.000000] ACPI: Early table checksum verification disabled
[    0.000000] ACPI: RSDP 0x00000000000F6A10 000024 (v02 PTLTD )
[    0.000000] ACPI: XSDT 0x00000000BFEDB633 00005C (v01 INTEL  440BX    06040000 VMW  01324272)
[    0.000000] ACPI: FACP 0x00000000BFEFEE73 0000F4 (v04 INTEL  440BX    06040000 PTL  000F4240)
[    0.000000] ACPI: DSDT 0x00000000BFEDD5F1 021882 (v01 PTLTD  Custom   06040000 MSFT 03000001)
[    0.000000] ACPI: FACS 0x00000000BFEFFFC0 000040
[    0.000000] ACPI: FACS 0x00000000BFEFFFC0 000040
[    0.000000] ACPI: BOOT 0x00000000BFEDD5C9 000028 (v01 PTLTD  $SBFTBL$ 06040000  LTP 00000001)
[    0.000000] ACPI: APIC 0x00000000BFEDC8BD 000742 (v01 PTLTD  ? APIC   06040000  LTP 00000000)
[    0.000000] ACPI: MCFG 0x00000000BFEDC881 00003C (v01 PTLTD  $PCITBL$ 06040000  LTP 00000001)
[    0.000000] ACPI: SRAT 0x00000000BFEDB72F 0008D0 (v02 VMWARE MEMPLUG  06040000 VMW  00000001)
[    0.000000] ACPI: HPET 0x00000000BFEDB6F7 000038 (v01 VMWARE VMW HPET 06040000 VMW  00000001)
[    0.000000] ACPI: WAET 0x00000000BFEDB6CF 000028 (v01 VMWARE VMW WAET 06040000 VMW  00000001)
[    0.000000] ACPI: Local APIC address 0xfee00000
[    0.000000] system APIC only can use physical flat
[    0.000000] Setting APIC routing to physical flat.
[    0.000000] SRAT: PXM 0 -> APIC 0x00 -> Node 0
[    0.000000] SRAT: PXM 0 -> APIC 0x01 -> Node 0
[    0.000000] SRAT: PXM 0 -> APIC 0x02 -> Node 0
[    0.000000] SRAT: PXM 0 -> APIC 0x03 -> Node 0
[    0.000000] SRAT: PXM 0 -> APIC 0x04 -> Node 0
[    0.000000] SRAT: PXM 0 -> APIC 0x05 -> Node 0
[    0.000000] SRAT: PXM 0 -> APIC 0x06 -> Node 0
[    0.000000] SRAT: PXM 0 -> APIC 0x07 -> Node 0
[    0.000000] SRAT: PXM 0 -> APIC 0x08 -> Node 0
[    0.000000] SRAT: PXM 0 -> APIC 0x09 -> Node 0
[    0.000000] SRAT: PXM 0 -> APIC 0x0a -> Node 0
[    0.000000] SRAT: PXM 0 -> APIC 0x0b -> Node 0
[    0.000000] SRAT: PXM 0 -> APIC 0x0c -> Node 0
[    0.000000] SRAT: PXM 0 -> APIC 0x0d -> Node 0
[    0.000000] SRAT: PXM 0 -> APIC 0x0e -> Node 0
[    0.000000] SRAT: PXM 0 -> APIC 0x0f -> Node 0
[    0.000000] SRAT: PXM 0 -> APIC 0x10 -> Node 0
[    0.000000] SRAT: PXM 0 -> APIC 0x11 -> Node 0
[    0.000000] SRAT: PXM 0 -> APIC 0x12 -> Node 0
[    0.000000] SRAT: PXM 0 -> APIC 0x13 -> Node 0
[    0.000000] SRAT: PXM 0 -> APIC 0x14 -> Node 0
[    0.000000] SRAT: PXM 0 -> APIC 0x15 -> Node 0
[    0.000000] SRAT: PXM 0 -> APIC 0x16 -> Node 0
[    0.000000] SRAT: PXM 0 -> APIC 0x17 -> Node 0
[    0.000000] SRAT: PXM 0 -> APIC 0x18 -> Node 0
[    0.000000] SRAT: PXM 0 -> APIC 0x19 -> Node 0
[    0.000000] SRAT: PXM 0 -> APIC 0x1a -> Node 0
[    0.000000] SRAT: PXM 0 -> APIC 0x1b -> Node 0
[    0.000000] SRAT: PXM 0 -> APIC 0x1c -> Node 0
[    0.000000] SRAT: PXM 0 -> APIC 0x1d -> Node 0
[    0.000000] SRAT: PXM 0 -> APIC 0x1e -> Node 0
[    0.000000] SRAT: PXM 0 -> APIC 0x1f -> Node 0
[    0.000000] SRAT: PXM 0 -> APIC 0x20 -> Node 0
[    0.000000] SRAT: PXM 0 -> APIC 0x21 -> Node 0
[    0.000000] SRAT: PXM 0 -> APIC 0x22 -> Node 0
[    0.000000] SRAT: PXM 0 -> APIC 0x23 -> Node 0
[    0.000000] SRAT: PXM 0 -> APIC 0x24 -> Node 0
[    0.000000] SRAT: PXM 0 -> APIC 0x25 -> Node 0
[    0.000000] SRAT: PXM 0 -> APIC 0x26 -> Node 0
[    0.000000] SRAT: PXM 0 -> APIC 0x27 -> Node 0
[    0.000000] SRAT: PXM 0 -> APIC 0x28 -> Node 0
[    0.000000] SRAT: PXM 0 -> APIC 0x29 -> Node 0
[    0.000000] SRAT: PXM 0 -> APIC 0x2a -> Node 0
[    0.000000] SRAT: PXM 0 -> APIC 0x2b -> Node 0
[    0.000000] SRAT: PXM 0 -> APIC 0x2c -> Node 0
[    0.000000] SRAT: PXM 0 -> APIC 0x2d -> Node 0
[    0.000000] SRAT: PXM 0 -> APIC 0x2e -> Node 0
[    0.000000] SRAT: PXM 0 -> APIC 0x2f -> Node 0
[    0.000000] SRAT: PXM 0 -> APIC 0x30 -> Node 0
[    0.000000] SRAT: PXM 0 -> APIC 0x31 -> Node 0
[    0.000000] SRAT: PXM 0 -> APIC 0x32 -> Node 0
[    0.000000] SRAT: PXM 0 -> APIC 0x33 -> Node 0
[    0.000000] SRAT: PXM 0 -> APIC 0x34 -> Node 0
[    0.000000] SRAT: PXM 0 -> APIC 0x35 -> Node 0
[    0.000000] SRAT: PXM 0 -> APIC 0x36 -> Node 0
[    0.000000] SRAT: PXM 0 -> APIC 0x37 -> Node 0
[    0.000000] SRAT: PXM 0 -> APIC 0x38 -> Node 0
[    0.000000] SRAT: PXM 0 -> APIC 0x39 -> Node 0
[    0.000000] SRAT: PXM 0 -> APIC 0x3a -> Node 0
[    0.000000] SRAT: PXM 0 -> APIC 0x3b -> Node 0
[    0.000000] SRAT: PXM 0 -> APIC 0x3c -> Node 0
[    0.000000] SRAT: PXM 0 -> APIC 0x3d -> Node 0
[    0.000000] SRAT: PXM 0 -> APIC 0x3e -> Node 0
[    0.000000] SRAT: PXM 0 -> APIC 0x3f -> Node 0
[    0.000000] SRAT: PXM 0 -> APIC 0x40 -> Node 0
[    0.000000] SRAT: PXM 0 -> APIC 0x41 -> Node 0
[    0.000000] SRAT: PXM 0 -> APIC 0x42 -> Node 0
[    0.000000] SRAT: PXM 0 -> APIC 0x43 -> Node 0
[    0.000000] SRAT: PXM 0 -> APIC 0x44 -> Node 0
[    0.000000] SRAT: PXM 0 -> APIC 0x45 -> Node 0
[    0.000000] SRAT: PXM 0 -> APIC 0x46 -> Node 0
[    0.000000] SRAT: PXM 0 -> APIC 0x47 -> Node 0
[    0.000000] SRAT: PXM 0 -> APIC 0x48 -> Node 0
[    0.000000] SRAT: PXM 0 -> APIC 0x49 -> Node 0
[    0.000000] SRAT: PXM 0 -> APIC 0x4a -> Node 0
[    0.000000] SRAT: PXM 0 -> APIC 0x4b -> Node 0
[    0.000000] SRAT: PXM 0 -> APIC 0x4c -> Node 0
[    0.000000] SRAT: PXM 0 -> APIC 0x4d -> Node 0
[    0.000000] SRAT: PXM 0 -> APIC 0x4e -> Node 0
[    0.000000] SRAT: PXM 0 -> APIC 0x4f -> Node 0
[    0.000000] SRAT: PXM 0 -> APIC 0x50 -> Node 0
[    0.000000] SRAT: PXM 0 -> APIC 0x51 -> Node 0
[    0.000000] SRAT: PXM 0 -> APIC 0x52 -> Node 0
[    0.000000] SRAT: PXM 0 -> APIC 0x53 -> Node 0
[    0.000000] SRAT: PXM 0 -> APIC 0x54 -> Node 0
[    0.000000] SRAT: PXM 0 -> APIC 0x55 -> Node 0
[    0.000000] SRAT: PXM 0 -> APIC 0x56 -> Node 0
[    0.000000] SRAT: PXM 0 -> APIC 0x57 -> Node 0
[    0.000000] SRAT: PXM 0 -> APIC 0x58 -> Node 0
[    0.000000] SRAT: PXM 0 -> APIC 0x59 -> Node 0
[    0.000000] SRAT: PXM 0 -> APIC 0x5a -> Node 0
[    0.000000] SRAT: PXM 0 -> APIC 0x5b -> Node 0
[    0.000000] SRAT: PXM 0 -> APIC 0x5c -> Node 0
[    0.000000] SRAT: PXM 0 -> APIC 0x5d -> Node 0
[    0.000000] SRAT: PXM 0 -> APIC 0x5e -> Node 0
[    0.000000] SRAT: PXM 0 -> APIC 0x5f -> Node 0
[    0.000000] SRAT: PXM 0 -> APIC 0x60 -> Node 0
[    0.000000] SRAT: PXM 0 -> APIC 0x61 -> Node 0
[    0.000000] SRAT: PXM 0 -> APIC 0x62 -> Node 0
[    0.000000] SRAT: PXM 0 -> APIC 0x63 -> Node 0
[    0.000000] SRAT: PXM 0 -> APIC 0x64 -> Node 0
[    0.000000] SRAT: PXM 0 -> APIC 0x65 -> Node 0
[    0.000000] SRAT: PXM 0 -> APIC 0x66 -> Node 0
[    0.000000] SRAT: PXM 0 -> APIC 0x67 -> Node 0
[    0.000000] SRAT: PXM 0 -> APIC 0x68 -> Node 0
[    0.000000] SRAT: PXM 0 -> APIC 0x69 -> Node 0
[    0.000000] SRAT: PXM 0 -> APIC 0x6a -> Node 0
[    0.000000] SRAT: PXM 0 -> APIC 0x6b -> Node 0
[    0.000000] SRAT: PXM 0 -> APIC 0x6c -> Node 0
[    0.000000] SRAT: PXM 0 -> APIC 0x6d -> Node 0
[    0.000000] SRAT: PXM 0 -> APIC 0x6e -> Node 0
[    0.000000] SRAT: PXM 0 -> APIC 0x6f -> Node 0
[    0.000000] SRAT: PXM 0 -> APIC 0x70 -> Node 0
[    0.000000] SRAT: PXM 0 -> APIC 0x71 -> Node 0
[    0.000000] SRAT: PXM 0 -> APIC 0x72 -> Node 0
[    0.000000] SRAT: PXM 0 -> APIC 0x73 -> Node 0
[    0.000000] SRAT: PXM 0 -> APIC 0x74 -> Node 0
[    0.000000] SRAT: PXM 0 -> APIC 0x75 -> Node 0
[    0.000000] SRAT: PXM 0 -> APIC 0x76 -> Node 0
[    0.000000] SRAT: PXM 0 -> APIC 0x77 -> Node 0
[    0.000000] SRAT: PXM 0 -> APIC 0x78 -> Node 0
[    0.000000] SRAT: PXM 0 -> APIC 0x79 -> Node 0
[    0.000000] SRAT: PXM 0 -> APIC 0x7a -> Node 0
[    0.000000] SRAT: PXM 0 -> APIC 0x7b -> Node 0
[    0.000000] SRAT: PXM 0 -> APIC 0x7c -> Node 0
[    0.000000] SRAT: PXM 0 -> APIC 0x7d -> Node 0
[    0.000000] SRAT: PXM 0 -> APIC 0x7e -> Node 0
[    0.000000] SRAT: PXM 0 -> APIC 0x7f -> Node 0
[    0.000000] ACPI: SRAT: Node 0 PXM 0 [mem 0x00000000-0x0009ffff]
[    0.000000] ACPI: SRAT: Node 0 PXM 0 [mem 0x00100000-0xbfffffff]
[    0.000000] ACPI: SRAT: Node 0 PXM 0 [mem 0x100000000-0x2bfffffff]
[    0.000000] ACPI: SRAT: Node 0 PXM 0 [mem 0x2c0000000-0x283fffffff] hotplug
[    0.000000] NUMA: Node 0 [mem 0x00000000-0x0009ffff] + [mem 0x00100000-0xbfffffff] -> [mem 0x00000000-0xbfffffff]
[    0.000000] NUMA: Node 0 [mem 0x00000000-0xbfffffff] + [mem 0x100000000-0x2bfffffff] -> [mem 0x00000000-0x2bfffffff]
[    0.000000] NODE_DATA(0) allocated [mem 0x2bffd5000-0x2bfffffff]
[    0.000000] Zone ranges:
[    0.000000]   DMA      [mem 0x0000000000001000-0x0000000000ffffff]
[    0.000000]   DMA32    [mem 0x0000000001000000-0x00000000ffffffff]
[    0.000000]   Normal   [mem 0x0000000100000000-0x00000002bfffffff]
[    0.000000]   Device   empty
[    0.000000] Movable zone start for each node
[    0.000000] Early memory node ranges
[    0.000000]   node   0: [mem 0x0000000000001000-0x000000000009dfff]
[    0.000000]   node   0: [mem 0x0000000000100000-0x00000000bfecffff]
[    0.000000]   node   0: [mem 0x00000000bff00000-0x00000000bfffffff]
[    0.000000]   node   0: [mem 0x0000000100000000-0x00000002bfffffff]
[    0.000000] Reserved but unavailable: 99 pages
[    0.000000] Initmem setup node 0 [mem 0x0000000000001000-0x00000002bfffffff]
[    0.000000] On node 0 totalpages: 2621293
[    0.000000]   DMA zone: 64 pages used for memmap
[    0.000000]   DMA zone: 21 pages reserved
[    0.000000]   DMA zone: 3997 pages, LIFO batch:0
[    0.000000]   DMA32 zone: 12224 pages used for memmap
[    0.000000]   DMA32 zone: 782288 pages, LIFO batch:31
[    0.000000]   Normal zone: 28672 pages used for memmap
[    0.000000]   Normal zone: 1835008 pages, LIFO batch:31
[    0.000000] ACPI: PM-Timer IO Port: 0x1008
[    0.000000] ACPI: Local APIC address 0xfee00000
[    0.000000] system APIC only can use physical flat
[    0.000000] ACPI: LAPIC_NMI (acpi_id[0x00] high edge lint[0x1])
[    0.000000] ACPI: LAPIC_NMI (acpi_id[0x01] high edge lint[0x1])
[    0.000000] ACPI: LAPIC_NMI (acpi_id[0x02] high edge lint[0x1])
[    0.000000] ACPI: LAPIC_NMI (acpi_id[0x03] high edge lint[0x1])
[    0.000000] ACPI: LAPIC_NMI (acpi_id[0x04] high edge lint[0x1])
[    0.000000] ACPI: LAPIC_NMI (acpi_id[0x05] high edge lint[0x1])
[    0.000000] ACPI: LAPIC_NMI (acpi_id[0x06] high edge lint[0x1])
[    0.000000] ACPI: LAPIC_NMI (acpi_id[0x07] high edge lint[0x1])
[    0.000000] ACPI: LAPIC_NMI (acpi_id[0x08] high edge lint[0x1])
[    0.000000] ACPI: LAPIC_NMI (acpi_id[0x09] high edge lint[0x1])
[    0.000000] ACPI: LAPIC_NMI (acpi_id[0x0a] high edge lint[0x1])
[    0.000000] ACPI: LAPIC_NMI (acpi_id[0x0b] high edge lint[0x1])
[    0.000000] ACPI: LAPIC_NMI (acpi_id[0x0c] high edge lint[0x1])
[    0.000000] ACPI: LAPIC_NMI (acpi_id[0x0d] high edge lint[0x1])
[    0.000000] ACPI: LAPIC_NMI (acpi_id[0x0e] high edge lint[0x1])
[    0.000000] ACPI: LAPIC_NMI (acpi_id[0x0f] high edge lint[0x1])
[    0.000000] ACPI: LAPIC_NMI (acpi_id[0x10] high edge lint[0x1])
[    0.000000] ACPI: LAPIC_NMI (acpi_id[0x11] high edge lint[0x1])
[    0.000000] ACPI: LAPIC_NMI (acpi_id[0x12] high edge lint[0x1])
[    0.000000] ACPI: LAPIC_NMI (acpi_id[0x13] high edge lint[0x1])
[    0.000000] ACPI: LAPIC_NMI (acpi_id[0x14] high edge lint[0x1])
[    0.000000] ACPI: LAPIC_NMI (acpi_id[0x15] high edge lint[0x1])
[    0.000000] ACPI: LAPIC_NMI (acpi_id[0x16] high edge lint[0x1])
[    0.000000] ACPI: LAPIC_NMI (acpi_id[0x17] high edge lint[0x1])
[    0.000000] ACPI: LAPIC_NMI (acpi_id[0x18] high edge lint[0x1])
[    0.000000] ACPI: LAPIC_NMI (acpi_id[0x19] high edge lint[0x1])
[    0.000000] ACPI: LAPIC_NMI (acpi_id[0x1a] high edge lint[0x1])
[    0.000000] ACPI: LAPIC_NMI (acpi_id[0x1b] high edge lint[0x1])
[    0.000000] ACPI: LAPIC_NMI (acpi_id[0x1c] high edge lint[0x1])
[    0.000000] ACPI: LAPIC_NMI (acpi_id[0x1d] high edge lint[0x1])
[    0.000000] ACPI: LAPIC_NMI (acpi_id[0x1e] high edge lint[0x1])
[    0.000000] ACPI: LAPIC_NMI (acpi_id[0x1f] high edge lint[0x1])
[    0.000000] ACPI: LAPIC_NMI (acpi_id[0x20] high edge lint[0x1])
[    0.000000] ACPI: LAPIC_NMI (acpi_id[0x21] high edge lint[0x1])
[    0.000000] ACPI: LAPIC_NMI (acpi_id[0x22] high edge lint[0x1])
[    0.000000] ACPI: LAPIC_NMI (acpi_id[0x23] high edge lint[0x1])
[    0.000000] ACPI: LAPIC_NMI (acpi_id[0x24] high edge lint[0x1])
[    0.000000] ACPI: LAPIC_NMI (acpi_id[0x25] high edge lint[0x1])
[    0.000000] ACPI: LAPIC_NMI (acpi_id[0x26] high edge lint[0x1])
[    0.000000] ACPI: LAPIC_NMI (acpi_id[0x27] high edge lint[0x1])
[    0.000000] ACPI: LAPIC_NMI (acpi_id[0x28] high edge lint[0x1])
[    0.000000] ACPI: LAPIC_NMI (acpi_id[0x29] high edge lint[0x1])
[    0.000000] ACPI: LAPIC_NMI (acpi_id[0x2a] high edge lint[0x1])
[    0.000000] ACPI: LAPIC_NMI (acpi_id[0x2b] high edge lint[0x1])
[    0.000000] ACPI: LAPIC_NMI (acpi_id[0x2c] high edge lint[0x1])
[    0.000000] ACPI: LAPIC_NMI (acpi_id[0x2d] high edge lint[0x1])
[    0.000000] ACPI: LAPIC_NMI (acpi_id[0x2e] high edge lint[0x1])
[    0.000000] ACPI: LAPIC_NMI (acpi_id[0x2f] high edge lint[0x1])
[    0.000000] ACPI: LAPIC_NMI (acpi_id[0x30] high edge lint[0x1])
[    0.000000] ACPI: LAPIC_NMI (acpi_id[0x31] high edge lint[0x1])
[    0.000000] ACPI: LAPIC_NMI (acpi_id[0x32] high edge lint[0x1])
[    0.000000] ACPI: LAPIC_NMI (acpi_id[0x33] high edge lint[0x1])
[    0.000000] ACPI: LAPIC_NMI (acpi_id[0x34] high edge lint[0x1])
[    0.000000] ACPI: LAPIC_NMI (acpi_id[0x35] high edge lint[0x1])
[    0.000000] ACPI: LAPIC_NMI (acpi_id[0x36] high edge lint[0x1])
[    0.000000] ACPI: LAPIC_NMI (acpi_id[0x37] high edge lint[0x1])
[    0.000000] ACPI: LAPIC_NMI (acpi_id[0x38] high edge lint[0x1])
[    0.000000] ACPI: LAPIC_NMI (acpi_id[0x39] high edge lint[0x1])
[    0.000000] ACPI: LAPIC_NMI (acpi_id[0x3a] high edge lint[0x1])
[    0.000000] ACPI: LAPIC_NMI (acpi_id[0x3b] high edge lint[0x1])
[    0.000000] ACPI: LAPIC_NMI (acpi_id[0x3c] high edge lint[0x1])
[    0.000000] ACPI: LAPIC_NMI (acpi_id[0x3d] high edge lint[0x1])
[    0.000000] ACPI: LAPIC_NMI (acpi_id[0x3e] high edge lint[0x1])
[    0.000000] ACPI: LAPIC_NMI (acpi_id[0x3f] high edge lint[0x1])
[    0.000000] ACPI: LAPIC_NMI (acpi_id[0x40] high edge lint[0x1])
[    0.000000] ACPI: LAPIC_NMI (acpi_id[0x41] high edge lint[0x1])
[    0.000000] ACPI: LAPIC_NMI (acpi_id[0x42] high edge lint[0x1])
[    0.000000] ACPI: LAPIC_NMI (acpi_id[0x43] high edge lint[0x1])
[    0.000000] ACPI: LAPIC_NMI (acpi_id[0x44] high edge lint[0x1])
[    0.000000] ACPI: LAPIC_NMI (acpi_id[0x45] high edge lint[0x1])
[    0.000000] ACPI: LAPIC_NMI (acpi_id[0x46] high edge lint[0x1])
[    0.000000] ACPI: LAPIC_NMI (acpi_id[0x47] high edge lint[0x1])
[    0.000000] ACPI: LAPIC_NMI (acpi_id[0x48] high edge lint[0x1])
[    0.000000] ACPI: LAPIC_NMI (acpi_id[0x49] high edge lint[0x1])
[    0.000000] ACPI: LAPIC_NMI (acpi_id[0x4a] high edge lint[0x1])
[    0.000000] ACPI: LAPIC_NMI (acpi_id[0x4b] high edge lint[0x1])
[    0.000000] ACPI: LAPIC_NMI (acpi_id[0x4c] high edge lint[0x1])
[    0.000000] ACPI: LAPIC_NMI (acpi_id[0x4d] high edge lint[0x1])
[    0.000000] ACPI: LAPIC_NMI (acpi_id[0x4e] high edge lint[0x1])
[    0.000000] ACPI: LAPIC_NMI (acpi_id[0x4f] high edge lint[0x1])
[    0.000000] ACPI: LAPIC_NMI (acpi_id[0x50] high edge lint[0x1])
[    0.000000] ACPI: LAPIC_NMI (acpi_id[0x51] high edge lint[0x1])
[    0.000000] ACPI: LAPIC_NMI (acpi_id[0x52] high edge lint[0x1])
[    0.000000] ACPI: LAPIC_NMI (acpi_id[0x53] high edge lint[0x1])
[    0.000000] ACPI: LAPIC_NMI (acpi_id[0x54] high edge lint[0x1])
[    0.000000] ACPI: LAPIC_NMI (acpi_id[0x55] high edge lint[0x1])
[    0.000000] ACPI: LAPIC_NMI (acpi_id[0x56] high edge lint[0x1])
[    0.000000] ACPI: LAPIC_NMI (acpi_id[0x57] high edge lint[0x1])
[    0.000000] ACPI: LAPIC_NMI (acpi_id[0x58] high edge lint[0x1])
[    0.000000] ACPI: LAPIC_NMI (acpi_id[0x59] high edge lint[0x1])
[    0.000000] ACPI: LAPIC_NMI (acpi_id[0x5a] high edge lint[0x1])
[    0.000000] ACPI: LAPIC_NMI (acpi_id[0x5b] high edge lint[0x1])
[    0.000000] ACPI: LAPIC_NMI (acpi_id[0x5c] high edge lint[0x1])
[    0.000000] ACPI: LAPIC_NMI (acpi_id[0x5d] high edge lint[0x1])
[    0.000000] ACPI: LAPIC_NMI (acpi_id[0x5e] high edge lint[0x1])
[    0.000000] ACPI: LAPIC_NMI (acpi_id[0x5f] high edge lint[0x1])
[    0.000000] ACPI: LAPIC_NMI (acpi_id[0x60] high edge lint[0x1])
[    0.000000] ACPI: LAPIC_NMI (acpi_id[0x61] high edge lint[0x1])
[    0.000000] ACPI: LAPIC_NMI (acpi_id[0x62] high edge lint[0x1])
[    0.000000] ACPI: LAPIC_NMI (acpi_id[0x63] high edge lint[0x1])
[    0.000000] ACPI: LAPIC_NMI (acpi_id[0x64] high edge lint[0x1])
[    0.000000] ACPI: LAPIC_NMI (acpi_id[0x65] high edge lint[0x1])
[    0.000000] ACPI: LAPIC_NMI (acpi_id[0x66] high edge lint[0x1])
[    0.000000] ACPI: LAPIC_NMI (acpi_id[0x67] high edge lint[0x1])
[    0.000000] ACPI: LAPIC_NMI (acpi_id[0x68] high edge lint[0x1])
[    0.000000] ACPI: LAPIC_NMI (acpi_id[0x69] high edge lint[0x1])
[    0.000000] ACPI: LAPIC_NMI (acpi_id[0x6a] high edge lint[0x1])
[    0.000000] ACPI: LAPIC_NMI (acpi_id[0x6b] high edge lint[0x1])
[    0.000000] ACPI: LAPIC_NMI (acpi_id[0x6c] high edge lint[0x1])
[    0.000000] ACPI: LAPIC_NMI (acpi_id[0x6d] high edge lint[0x1])
[    0.000000] ACPI: LAPIC_NMI (acpi_id[0x6e] high edge lint[0x1])
[    0.000000] ACPI: LAPIC_NMI (acpi_id[0x6f] high edge lint[0x1])
[    0.000000] ACPI: LAPIC_NMI (acpi_id[0x70] high edge lint[0x1])
[    0.000000] ACPI: LAPIC_NMI (acpi_id[0x71] high edge lint[0x1])
[    0.000000] ACPI: LAPIC_NMI (acpi_id[0x72] high edge lint[0x1])
[    0.000000] ACPI: LAPIC_NMI (acpi_id[0x73] high edge lint[0x1])
[    0.000000] ACPI: LAPIC_NMI (acpi_id[0x74] high edge lint[0x1])
[    0.000000] ACPI: LAPIC_NMI (acpi_id[0x75] high edge lint[0x1])
[    0.000000] ACPI: LAPIC_NMI (acpi_id[0x76] high edge lint[0x1])
[    0.000000] ACPI: LAPIC_NMI (acpi_id[0x77] high edge lint[0x1])
[    0.000000] ACPI: LAPIC_NMI (acpi_id[0x78] high edge lint[0x1])
[    0.000000] ACPI: LAPIC_NMI (acpi_id[0x79] high edge lint[0x1])
[    0.000000] ACPI: LAPIC_NMI (acpi_id[0x7a] high edge lint[0x1])
[    0.000000] ACPI: LAPIC_NMI (acpi_id[0x7b] high edge lint[0x1])
[    0.000000] ACPI: LAPIC_NMI (acpi_id[0x7c] high edge lint[0x1])
[    0.000000] ACPI: LAPIC_NMI (acpi_id[0x7d] high edge lint[0x1])
[    0.000000] ACPI: LAPIC_NMI (acpi_id[0x7e] high edge lint[0x1])
[    0.000000] ACPI: LAPIC_NMI (acpi_id[0x7f] high edge lint[0x1])
[    0.000000] IOAPIC[0]: apic_id 128, version 32, address 0xfec00000, GSI 0-23
[    0.000000] ACPI: INT_SRC_OVR (bus 0 bus_irq 0 global_irq 2 high edge)
[    0.000000] ACPI: IRQ0 used by override.
[    0.000000] ACPI: IRQ9 used by override.
[    0.000000] Using ACPI (MADT) for SMP configuration information
[    0.000000] ACPI: HPET id: 0x8086af01 base: 0xfed00000
[    0.000000] smpboot: Allowing 128 CPUs, 124 hotplug CPUs
[    0.000000] PM: Registered nosave memory: [mem 0x00000000-0x00000fff]
[    0.000000] PM: Registered nosave memory: [mem 0x0009e000-0x0009efff]
[    0.000000] PM: Registered nosave memory: [mem 0x0009f000-0x0009ffff]
[    0.000000] PM: Registered nosave memory: [mem 0x000a0000-0x000dbfff]
[    0.000000] PM: Registered nosave memory: [mem 0x000dc000-0x000fffff]
[    0.000000] PM: Registered nosave memory: [mem 0xbfed0000-0xbfefefff]
[    0.000000] PM: Registered nosave memory: [mem 0xbfeff000-0xbfefffff]
[    0.000000] PM: Registered nosave memory: [mem 0xc0000000-0xefffffff]
[    0.000000] PM: Registered nosave memory: [mem 0xf0000000-0xf7ffffff]
[    0.000000] PM: Registered nosave memory: [mem 0xf8000000-0xfebfffff]
[    0.000000] PM: Registered nosave memory: [mem 0xfec00000-0xfec0ffff]
[    0.000000] PM: Registered nosave memory: [mem 0xfec10000-0xfedfffff]
[    0.000000] PM: Registered nosave memory: [mem 0xfee00000-0xfee00fff]
[    0.000000] PM: Registered nosave memory: [mem 0xfee01000-0xfffdffff]
[    0.000000] PM: Registered nosave memory: [mem 0xfffe0000-0xffffffff]
[    0.000000] e820: [mem 0xc0000000-0xefffffff] available for PCI devices
[    0.000000] Booting paravirtualized kernel on VMware hypervisor
[    0.000000] clocksource: refined-jiffies: mask: 0xffffffff max_cycles: 0xffffffff, max_idle_ns: 7645519600211568 ns
[    0.000000] random: get_random_bytes called from start_kernel+0x99/0x51b with crng_init=0
[    0.000000] setup_percpu: NR_CPUS:8192 nr_cpumask_bits:128 nr_cpu_ids:128 nr_node_ids:1
[    0.000000] percpu: Embedded 45 pages/cpu s147456 r8192 d28672 u262144
[    0.000000] pcpu-alloc: s147456 r8192 d28672 u262144 alloc=1*2097152
[    0.000000] pcpu-alloc: [0] 000 001 002 003 004 005 006 007 
[    0.000000] pcpu-alloc: [0] 008 009 010 011 012 013 014 015 
[    0.000000] pcpu-alloc: [0] 016 017 018 019 020 021 022 023 
[    0.000000] pcpu-alloc: [0] 024 025 026 027 028 029 030 031 
[    0.000000] pcpu-alloc: [0] 032 033 034 035 036 037 038 039 
[    0.000000] pcpu-alloc: [0] 040 041 042 043 044 045 046 047 
[    0.000000] pcpu-alloc: [0] 048 049 050 051 052 053 054 055 
[    0.000000] pcpu-alloc: [0] 056 057 058 059 060 061 062 063 
[    0.000000] pcpu-alloc: [0] 064 065 066 067 068 069 070 071 
[    0.000000] pcpu-alloc: [0] 072 073 074 075 076 077 078 079 
[    0.000000] pcpu-alloc: [0] 080 081 082 083 084 085 086 087 
[    0.000000] pcpu-alloc: [0] 088 089 090 091 092 093 094 095 
[    0.000000] pcpu-alloc: [0] 096 097 098 099 100 101 102 103 
[    0.000000] pcpu-alloc: [0] 104 105 106 107 108 109 110 111 
[    0.000000] pcpu-alloc: [0] 112 113 114 115 116 117 118 119 
[    0.000000] pcpu-alloc: [0] 120 121 122 123 124 125 126 127 
[    0.000000] Built 1 zonelists, mobility grouping on.  Total pages: 2580312
[    0.000000] Policy zone: Normal
[    0.000000] Kernel command line: BOOT_IMAGE=/boot/vmlinuz-4.15.0-70-generic root=UUID=1049b65f-f167-4c20-b276-b60a38cbae68 ro find_preseed=/preseed.cfg auto noprompt priority=critical locale=en_US quiet
[    0.000000] log_buf_len individual max cpu contribution: 4096 bytes
[    0.000000] log_buf_len total cpu_extra contributions: 520192 bytes
[    0.000000] log_buf_len min size: 262144 bytes
[    0.000000] log_buf_len: 1048576 bytes
[    0.000000] early log buf free: 223932(85%)
[    0.000000] Calgary: detecting Calgary via BIOS EBDA area
[    0.000000] Calgary: Unable to locate Rio Grande table in EBDA - bailing!
[    0.000000] Memory: 10148380K/10485172K available (12300K kernel code, 2480K rwdata, 4212K rodata, 2428K init, 2388K bss, 336792K reserved, 0K cma-reserved)
[    0.000000] SLUB: HWalign=64, Order=0-3, MinObjects=0, CPUs=128, Nodes=1
[    0.000000] Kernel/User page tables isolation: enabled
[    0.000000] ftrace: allocating 39296 entries in 154 pages
[    0.004000] Hierarchical RCU implementation.
[    0.004000] 	RCU restricting CPUs from NR_CPUS=8192 to nr_cpu_ids=128.
[    0.004000] 	Tasks RCU enabled.
[    0.004000] RCU: Adjusting geometry for rcu_fanout_leaf=16, nr_cpu_ids=128
[    0.004000] NR_IRQS: 524544, nr_irqs: 1448, preallocated irqs: 16
[    0.004000] Console: colour VGA+ 80x25
[    0.004000] console [tty0] enabled
[    0.004000] ACPI: Core revision 20170831
[    0.004000] ACPI: 1 ACPI AML tables successfully acquired and loaded
[    0.004000] clocksource: hpet: mask: 0xffffffff max_cycles: 0xffffffff, max_idle_ns: 133484882848 ns
[    0.004000] hpet clockevent registered
[    0.004011] APIC: Switch to symmetric I/O mode setup
[    0.004500] x2apic enabled
[    0.004850] Switched APIC routing to physical x2apic.
[    0.006184] ..TIMER: vector=0x30 apic1=0 pin1=2 apic2=-1 pin2=-1
[    0.006211] tsc: Detected 2592.001 MHz processor
[    0.006213] Calibrating delay loop (skipped) preset value.. 5184.00 BogoMIPS (lpj=10368004)
[    0.006213] pid_max: default: 131072 minimum: 1024
[    0.006213] Security Framework initialized
[    0.006213] Yama: becoming mindful.
[    0.011540] AppArmor: AppArmor initialized
[    0.087616] Dentry cache hash table entries: 2097152 (order: 12, 16777216 bytes)
[    0.124207] Inode-cache hash table entries: 1048576 (order: 11, 8388608 bytes)
[    0.125477] Mount-cache hash table entries: 32768 (order: 6, 262144 bytes)
[    0.126643] Mountpoint-cache hash table entries: 32768 (order: 6, 262144 bytes)
[    0.127456] Disabled fast string operations
[    0.127543] Last level iTLB entries: 4KB 64, 2MB 8, 4MB 8
[    0.127543] Last level dTLB entries: 4KB 64, 2MB 0, 4MB 0, 1GB 4
[    0.127546] Spectre V1 : Mitigation: usercopy/swapgs barriers and __user pointer sanitization
[    0.127547] Spectre V2 : Mitigation: Full generic retpoline
[    0.127547] Spectre V2 : Spectre v2 / SpectreRSB mitigation: Filling RSB on context switch
[    0.127547] Spectre V2 : Enabling Restricted Speculation for firmware calls
[    0.127557] Spectre V2 : mitigation: Enabling conditional Indirect Branch Prediction Barrier
[    0.127558] Speculative Store Bypass: Mitigation: Speculative Store Bypass disabled via prctl and seccomp
[    0.127594] MDS: Vulnerable: Clear CPU buffers attempted, no microcode
[    0.127595] TAA: Vulnerable: Clear CPU buffers attempted, no microcode
[    0.131517] Freeing SMP alternatives memory: 36K
[    0.139104] TSC deadline timer enabled
[    0.139146] smpboot: CPU0: Intel(R) Core(TM) i7-6700HQ CPU @ 2.60GHz (family: 0x6, model: 0x5e, stepping: 0x3)
[    0.139739] Performance Events: Skylake events, core PMU driver.
[    0.139764] core: CPUID marked event: 'cpu cycles' unavailable
[    0.139764] core: CPUID marked event: 'instructions' unavailable
[    0.139764] core: CPUID marked event: 'bus cycles' unavailable
[    0.139765] core: CPUID marked event: 'cache references' unavailable
[    0.139765] core: CPUID marked event: 'cache misses' unavailable
[    0.139765] core: CPUID marked event: 'branch instructions' unavailable
[    0.139766] core: CPUID marked event: 'branch misses' unavailable
[    0.139768] ... version:                1
[    0.139768] ... bit width:              48
[    0.139768] ... generic registers:      4
[    0.139769] ... value mask:             0000ffffffffffff
[    0.139769] ... max period:             000000007fffffff
[    0.139770] ... fixed-purpose events:   0
[    0.139770] ... event mask:             000000000000000f
[    0.139958] Hierarchical SRCU implementation.
[    0.140000] NMI watchdog: Perf event create on CPU 0 failed with -2
[    0.140000] NMI watchdog: Perf NMI watchdog permanently disabled
[    0.157335] smp: Bringing up secondary CPUs ...
[    0.158384] x86: Booting SMP configuration:
[    0.158385] .... node  #0, CPUs:          #1
[    0.004000] Disabled fast string operations
[    0.160951]    #2
[    0.004000] Disabled fast string operations
[    0.162139]    #3
[    0.004000] Disabled fast string operations
[    0.164219] smp: Brought up 1 node, 4 CPUs
[    0.164219] smpboot: Max logical packages: 64
[    0.164219] smpboot: Total of 4 processors activated (20736.00 BogoMIPS)
[    0.168019] devtmpfs: initialized
[    0.168124] x86/mm: Memory block size: 128MB
[    0.170685] evm: security.selinux
[    0.170685] evm: security.SMACK64
[    0.170686] evm: security.SMACK64EXEC
[    0.170686] evm: security.SMACK64TRANSMUTE
[    0.170686] evm: security.SMACK64MMAP
[    0.170686] evm: security.apparmor
[    0.170687] evm: security.ima
[    0.170687] evm: security.capability
[    0.170758] PM: Registering ACPI NVS region [mem 0xbfeff000-0xbfefffff] (4096 bytes)
[    0.170758] clocksource: jiffies: mask: 0xffffffff max_cycles: 0xffffffff, max_idle_ns: 7645041785100000 ns
[    0.170758] futex hash table entries: 32768 (order: 9, 2097152 bytes)
[    0.182777] pinctrl core: initialized pinctrl subsystem
[    0.183134] RTC time:  7:23:06, date: 12/03/19
[    0.185016] NET: Registered protocol family 16
[    0.185219] audit: initializing netlink subsys (disabled)
[    0.185242] audit: type=2000 audit(1575357785.184:1): state=initialized audit_enabled=0 res=1
[    0.185242] cpuidle: using governor ladder
[    0.185242] cpuidle: using governor menu
[    0.185242] Simple Boot Flag at 0x36 set to 0x80
[    0.185242] ACPI: bus type PCI registered
[    0.185242] acpiphp: ACPI Hot Plug PCI Controller Driver version: 0.5
[    0.185242] PCI: MMCONFIG for domain 0000 [bus 00-7f] at [mem 0xf0000000-0xf7ffffff] (base 0xf0000000)
[    0.185242] PCI: MMCONFIG at [mem 0xf0000000-0xf7ffffff] reserved in E820
[    0.185242] pmd_set_huge: Cannot satisfy [mem 0xf0000000-0xf0200000] with a huge-page mapping due to MTRR override.
[    0.188413] PCI: Using configuration type 1 for base access
[    0.192558] HugeTLB registered 1.00 GiB page size, pre-allocated 0 pages
[    0.192558] HugeTLB registered 2.00 MiB page size, pre-allocated 0 pages
[    0.196458] ACPI: Added _OSI(Module Device)
[    0.196459] ACPI: Added _OSI(Processor Device)
[    0.196459] ACPI: Added _OSI(3.0 _SCP Extensions)
[    0.196460] ACPI: Added _OSI(Processor Aggregator Device)
[    0.196461] ACPI: Added _OSI(Linux-Dell-Video)
[    0.196461] ACPI: Added _OSI(Linux-Lenovo-NV-HDMI-Audio)
[    0.196462] ACPI: Added _OSI(Linux-HPI-Hybrid-Graphics)
[    0.198373] ACPI: [Firmware Bug]: BIOS _OSI(Linux) query ignored
[    0.216000] ACPI: Interpreter enabled
[    0.216000] ACPI: (supports S0 S1 S4 S5)
[    0.216000] ACPI: Using IOAPIC for interrupt routing
[    0.216000] PCI: Using host bridge windows from ACPI; if necessary, use "pci=nocrs" and report a bug
[    0.216000] ACPI: Enabled 4 GPEs in block 00 to 0F
[    0.460154] ACPI: PCI Root Bridge [PCI0] (domain 0000 [bus 00-7f])
[    0.460159] acpi PNP0A03:00: _OSC: OS supports [ExtendedConfig ASPM ClockPM Segments MSI]
[    0.460357] acpi PNP0A03:00: _OSC: platform does not support [AER]
[    0.460564] acpi PNP0A03:00: _OSC: OS now controls [PCIeHotplug PME PCIeCapability]
[    0.462900] PCI host bridge to bus 0000:00
[    0.462902] pci_bus 0000:00: root bus resource [mem 0x000a0000-0x000bffff window]
[    0.462903] pci_bus 0000:00: root bus resource [mem 0x000d0000-0x000d3fff window]
[    0.462903] pci_bus 0000:00: root bus resource [mem 0x000d4000-0x000d7fff window]
[    0.462904] pci_bus 0000:00: root bus resource [mem 0x000d8000-0x000dbfff window]
[    0.462905] pci_bus 0000:00: root bus resource [mem 0xc0000000-0xfebfffff window]
[    0.462905] pci_bus 0000:00: root bus resource [io  0x0000-0x0cf7 window]
[    0.462906] pci_bus 0000:00: root bus resource [io  0x0d00-0xfeff window]
[    0.462907] pci_bus 0000:00: root bus resource [bus 00-7f]
[    0.462964] pci 0000:00:00.0: [8086:7190] type 00 class 0x060000
[    0.463797] pci 0000:00:01.0: [8086:7191] type 01 class 0x060400
[    0.464496] pci 0000:00:07.0: [8086:7110] type 00 class 0x060100
[    0.465340] pci 0000:00:07.1: [8086:7111] type 00 class 0x01018a
[    0.468653] pci 0000:00:07.1: reg 0x20: [io  0x1060-0x106f]
[    0.470108] pci 0000:00:07.1: legacy IDE quirk: reg 0x10: [io  0x01f0-0x01f7]
[    0.470109] pci 0000:00:07.1: legacy IDE quirk: reg 0x14: [io  0x03f6]
[    0.470109] pci 0000:00:07.1: legacy IDE quirk: reg 0x18: [io  0x0170-0x0177]
[    0.470110] pci 0000:00:07.1: legacy IDE quirk: reg 0x1c: [io  0x0376]
[    0.470423] pci 0000:00:07.3: [8086:7113] type 00 class 0x068000
[    0.474448] pci 0000:00:07.3: quirk: [io  0x1000-0x103f] claimed by PIIX4 ACPI
[    0.474462] pci 0000:00:07.3: quirk: [io  0x1040-0x104f] claimed by PIIX4 SMB
[    0.475471] pci 0000:00:07.7: [15ad:0740] type 00 class 0x088000
[    0.476626] pci 0000:00:07.7: reg 0x10: [io  0x1080-0x10bf]
[    0.477599] pci 0000:00:07.7: reg 0x14: [mem 0xfebfe000-0xfebfffff 64bit]
[    0.482109] pci 0000:00:0f.0: [15ad:0405] type 00 class 0x030000
[    0.484005] pci 0000:00:0f.0: reg 0x10: [io  0x1070-0x107f]
[    0.486243] pci 0000:00:0f.0: reg 0x14: [mem 0xe8000000-0xefffffff pref]
[    0.488006] pci 0000:00:0f.0: reg 0x18: [mem 0xfe000000-0xfe7fffff]
[    0.495891] pci 0000:00:0f.0: reg 0x30: [mem 0x00000000-0x00007fff pref]
[    0.496636] pci 0000:00:10.0: [1000:0030] type 00 class 0x010000
[    0.497985] pci 0000:00:10.0: reg 0x10: [io  0x1400-0x14ff]
[    0.499212] pci 0000:00:10.0: reg 0x14: [mem 0xfeba0000-0xfebbffff 64bit]
[    0.500007] pci 0000:00:10.0: reg 0x1c: [mem 0xfebc0000-0xfebdffff 64bit]
[    0.502356] pci 0000:00:10.0: reg 0x30: [mem 0x00000000-0x00003fff pref]
[    0.502861] pci 0000:00:11.0: [15ad:0790] type 01 class 0x060401
[    0.503867] pci 0000:00:15.0: [15ad:07a0] type 01 class 0x060400
[    0.505262] pci 0000:00:15.0: PME# supported from D0 D3hot D3cold
[    0.505879] pci 0000:00:15.1: [15ad:07a0] type 01 class 0x060400
[    0.506977] pci 0000:00:15.1: PME# supported from D0 D3hot D3cold
[    0.507390] pci 0000:00:15.2: [15ad:07a0] type 01 class 0x060400
[    0.508420] pci 0000:00:15.2: PME# supported from D0 D3hot D3cold
[    0.508815] pci 0000:00:15.3: [15ad:07a0] type 01 class 0x060400
[    0.509659] pci 0000:00:15.3: PME# supported from D0 D3hot D3cold
[    0.510212] pci 0000:00:15.4: [15ad:07a0] type 01 class 0x060400
[    0.511058] pci 0000:00:15.4: PME# supported from D0 D3hot D3cold
[    0.511442] pci 0000:00:15.5: [15ad:07a0] type 01 class 0x060400
[    0.512380] pci 0000:00:15.5: PME# supported from D0 D3hot D3cold
[    0.512723] pci 0000:00:15.6: [15ad:07a0] type 01 class 0x060400
[    0.513567] pci 0000:00:15.6: PME# supported from D0 D3hot D3cold
[    0.513950] pci 0000:00:15.7: [15ad:07a0] type 01 class 0x060400
[    0.514796] pci 0000:00:15.7: PME# supported from D0 D3hot D3cold
[    0.515177] pci 0000:00:16.0: [15ad:07a0] type 01 class 0x060400
[    0.516226] pci 0000:00:16.0: PME# supported from D0 D3hot D3cold
[    0.516611] pci 0000:00:16.1: [15ad:07a0] type 01 class 0x060400
[    0.517456] pci 0000:00:16.1: PME# supported from D0 D3hot D3cold
[    0.517860] pci 0000:00:16.2: [15ad:07a0] type 01 class 0x060400
[    0.518708] pci 0000:00:16.2: PME# supported from D0 D3hot D3cold
[    0.519268] pci 0000:00:16.3: [15ad:07a0] type 01 class 0x060400
[    0.520208] pci 0000:00:16.3: PME# supported from D0 D3hot D3cold
[    0.520752] pci 0000:00:16.4: [15ad:07a0] type 01 class 0x060400
[    0.521598] pci 0000:00:16.4: PME# supported from D0 D3hot D3cold
[    0.521981] pci 0000:00:16.5: [15ad:07a0] type 01 class 0x060400
[    0.522825] pci 0000:00:16.5: PME# supported from D0 D3hot D3cold
[    0.523167] pci 0000:00:16.6: [15ad:07a0] type 01 class 0x060400
[    0.524134] pci 0000:00:16.6: PME# supported from D0 D3hot D3cold
[    0.524524] pci 0000:00:16.7: [15ad:07a0] type 01 class 0x060400
[    0.525369] pci 0000:00:16.7: PME# supported from D0 D3hot D3cold
[    0.525767] pci 0000:00:17.0: [15ad:07a0] type 01 class 0x060400
[    0.526611] pci 0000:00:17.0: PME# supported from D0 D3hot D3cold
[    0.526994] pci 0000:00:17.1: [15ad:07a0] type 01 class 0x060400
[    0.527982] pci 0000:00:17.1: PME# supported from D0 D3hot D3cold
[    0.528381] pci 0000:00:17.2: [15ad:07a0] type 01 class 0x060400
[    0.529259] pci 0000:00:17.2: PME# supported from D0 D3hot D3cold
[    0.529644] pci 0000:00:17.3: [15ad:07a0] type 01 class 0x060400
[    0.530489] pci 0000:00:17.3: PME# supported from D0 D3hot D3cold
[    0.531070] pci 0000:00:17.4: [15ad:07a0] type 01 class 0x060400
[    0.532134] pci 0000:00:17.4: PME# supported from D0 D3hot D3cold
[    0.532531] pci 0000:00:17.5: [15ad:07a0] type 01 class 0x060400
[    0.533376] pci 0000:00:17.5: PME# supported from D0 D3hot D3cold
[    0.533759] pci 0000:00:17.6: [15ad:07a0] type 01 class 0x060400
[    0.534603] pci 0000:00:17.6: PME# supported from D0 D3hot D3cold
[    0.534985] pci 0000:00:17.7: [15ad:07a0] type 01 class 0x060400
[    0.536065] pci 0000:00:17.7: PME# supported from D0 D3hot D3cold
[    0.536674] pci 0000:00:18.0: [15ad:07a0] type 01 class 0x060400
[    0.537837] pci 0000:00:18.0: PME# supported from D0 D3hot D3cold
[    0.538446] pci 0000:00:18.1: [15ad:07a0] type 01 class 0x060400
[    0.539397] pci 0000:00:18.1: PME# supported from D0 D3hot D3cold
[    0.539940] pci 0000:00:18.2: [15ad:07a0] type 01 class 0x060400
[    0.540778] pci 0000:00:18.2: PME# supported from D0 D3hot D3cold
[    0.541214] pci 0000:00:18.3: [15ad:07a0] type 01 class 0x060400
[    0.542067] pci 0000:00:18.3: PME# supported from D0 D3hot D3cold
[    0.542610] pci 0000:00:18.4: [15ad:07a0] type 01 class 0x060400
[    0.543492] pci 0000:00:18.4: PME# supported from D0 D3hot D3cold
[    0.543833] pci 0000:00:18.5: [15ad:07a0] type 01 class 0x060400
[    0.544671] pci 0000:00:18.5: PME# supported from D0 D3hot D3cold
[    0.545053] pci 0000:00:18.6: [15ad:07a0] type 01 class 0x060400
[    0.545893] pci 0000:00:18.6: PME# supported from D0 D3hot D3cold
[    0.546274] pci 0000:00:18.7: [15ad:07a0] type 01 class 0x060400
[    0.547205] pci 0000:00:18.7: PME# supported from D0 D3hot D3cold
[    0.547987] pci 0000:00:01.0: PCI bridge to [bus 01]
[    0.548529] acpiphp: Slot [32] registered
[    0.548572] acpiphp: Slot [33] registered
[    0.548615] acpiphp: Slot [34] registered
[    0.548657] acpiphp: Slot [35] registered
[    0.548699] acpiphp: Slot [36] registered
[    0.548741] acpiphp: Slot [37] registered
[    0.548783] acpiphp: Slot [38] registered
[    0.548825] acpiphp: Slot [39] registered
[    0.548906] acpiphp: Slot [40] registered
[    0.548948] acpiphp: Slot [41] registered
[    0.548990] acpiphp: Slot [42] registered
[    0.549031] acpiphp: Slot [43] registered
[    0.549073] acpiphp: Slot [44] registered
[    0.549114] acpiphp: Slot [45] registered
[    0.549156] acpiphp: Slot [46] registered
[    0.549197] acpiphp: Slot [47] registered
[    0.549239] acpiphp: Slot [48] registered
[    0.549281] acpiphp: Slot [49] registered
[    0.549322] acpiphp: Slot [50] registered
[    0.549363] acpiphp: Slot [51] registered
[    0.549462] acpiphp: Slot [52] registered
[    0.549525] acpiphp: Slot [53] registered
[    0.549566] acpiphp: Slot [54] registered
[    0.549608] acpiphp: Slot [55] registered
[    0.549650] acpiphp: Slot [56] registered
[    0.549691] acpiphp: Slot [57] registered
[    0.549733] acpiphp: Slot [58] registered
[    0.549774] acpiphp: Slot [59] registered
[    0.549816] acpiphp: Slot [60] registered
[    0.549857] acpiphp: Slot [61] registered
[    0.549899] acpiphp: Slot [62] registered
[    0.549941] acpiphp: Slot [63] registered
[    0.550021] pci 0000:02:00.0: [15ad:0774] type 00 class 0x0c0300
[    0.553195] pci 0000:02:00.0: reg 0x20: [io  0x2080-0x209f]
[    0.554919] pci 0000:02:01.0: [8086:100f] type 00 class 0x020000
[    0.556831] pci 0000:02:01.0: reg 0x10: [mem 0xfd5c0000-0xfd5dffff 64bit]
[    0.558426] pci 0000:02:01.0: reg 0x18: [mem 0xfdff0000-0xfdffffff 64bit]
[    0.560023] pci 0000:02:01.0: reg 0x20: [io  0x2000-0x203f]
[    0.562598] pci 0000:02:01.0: reg 0x30: [mem 0x00000000-0x0000ffff pref]
[    0.562974] pci 0000:02:01.0: PME# supported from D0 D3hot D3cold
[    0.563332] pci 0000:02:02.0: [1274:1371] type 00 class 0x040100
[    0.563872] pci 0000:02:02.0: reg 0x10: [io  0x2040-0x207f]
[    0.567183] pci 0000:02:03.0: [15ad:0770] type 00 class 0x0c0320
[    0.567894] pci 0000:02:03.0: reg 0x10: [mem 0xfd5ef000-0xfd5effff]
[    0.571949] pci 0000:02:05.0: [15ad:07e0] type 00 class 0x010601
[    0.575209] pci 0000:02:05.0: reg 0x24: [mem 0xfd5ee000-0xfd5eefff]
[    0.575612] pci 0000:02:05.0: reg 0x30: [mem 0x00000000-0x0000ffff pref]
[    0.576085] pci 0000:02:05.0: PME# supported from D3hot
[    0.576590] pci 0000:00:11.0: PCI bridge to [bus 02] (subtractive decode)
[    0.576615] pci 0000:00:11.0:   bridge window [io  0x2000-0x3fff]
[    0.576639] pci 0000:00:11.0:   bridge window [mem 0xfd500000-0xfdffffff]
[    0.576687] pci 0000:00:11.0:   bridge window [mem 0xe7b00000-0xe7ffffff 64bit pref]
[    0.576688] pci 0000:00:11.0:   bridge window [mem 0x000a0000-0x000bffff window] (subtractive decode)
[    0.576689] pci 0000:00:11.0:   bridge window [mem 0x000d0000-0x000d3fff window] (subtractive decode)
[    0.576689] pci 0000:00:11.0:   bridge window [mem 0x000d4000-0x000d7fff window] (subtractive decode)
[    0.576690] pci 0000:00:11.0:   bridge window [mem 0x000d8000-0x000dbfff window] (subtractive decode)
[    0.576691] pci 0000:00:11.0:   bridge window [mem 0xc0000000-0xfebfffff window] (subtractive decode)
[    0.576720] pci 0000:00:11.0:   bridge window [io  0x0000-0x0cf7 window] (subtractive decode)
[    0.576721] pci 0000:00:11.0:   bridge window [io  0x0d00-0xfeff window] (subtractive decode)
[    0.577147] pci 0000:00:15.0: PCI bridge to [bus 03]
[    0.577172] pci 0000:00:15.0:   bridge window [io  0x4000-0x4fff]
[    0.577196] pci 0000:00:15.0:   bridge window [mem 0xfd400000-0xfd4fffff]
[    0.577243] pci 0000:00:15.0:   bridge window [mem 0xe7a00000-0xe7afffff 64bit pref]
[    0.577646] pci 0000:00:15.1: PCI bridge to [bus 04]
[    0.577670] pci 0000:00:15.1:   bridge window [io  0x8000-0x8fff]
[    0.577693] pci 0000:00:15.1:   bridge window [mem 0xfd000000-0xfd0fffff]
[    0.577739] pci 0000:00:15.1:   bridge window [mem 0xe7600000-0xe76fffff 64bit pref]
[    0.578090] pci 0000:00:15.2: PCI bridge to [bus 05]
[    0.578114] pci 0000:00:15.2:   bridge window [io  0xc000-0xcfff]
[    0.578137] pci 0000:00:15.2:   bridge window [mem 0xfcc00000-0xfccfffff]
[    0.578183] pci 0000:00:15.2:   bridge window [mem 0xe7200000-0xe72fffff 64bit pref]
[    0.578574] pci 0000:00:15.3: PCI bridge to [bus 06]
[    0.578619] pci 0000:00:15.3:   bridge window [mem 0xfc800000-0xfc8fffff]
[    0.578665] pci 0000:00:15.3:   bridge window [mem 0xe6e00000-0xe6efffff 64bit pref]
[    0.579052] pci 0000:00:15.4: PCI bridge to [bus 07]
[    0.579124] pci 0000:00:15.4:   bridge window [mem 0xfc400000-0xfc4fffff]
[    0.579186] pci 0000:00:15.4:   bridge window [mem 0xe6a00000-0xe6afffff 64bit pref]
[    0.579655] pci 0000:00:15.5: PCI bridge to [bus 08]
[    0.579701] pci 0000:00:15.5:   bridge window [mem 0xfc000000-0xfc0fffff]
[    0.579747] pci 0000:00:15.5:   bridge window [mem 0xe6600000-0xe66fffff 64bit pref]
[    0.580096] pci 0000:00:15.6: PCI bridge to [bus 09]
[    0.580142] pci 0000:00:15.6:   bridge window [mem 0xfbc00000-0xfbcfffff]
[    0.580188] pci 0000:00:15.6:   bridge window [mem 0xe6200000-0xe62fffff 64bit pref]
[    0.580582] pci 0000:00:15.7: PCI bridge to [bus 0a]
[    0.580628] pci 0000:00:15.7:   bridge window [mem 0xfb800000-0xfb8fffff]
[    0.580674] pci 0000:00:15.7:   bridge window [mem 0xe5e00000-0xe5efffff 64bit pref]
[    0.581159] pci 0000:00:16.0: PCI bridge to [bus 0b]
[    0.581183] pci 0000:00:16.0:   bridge window [io  0x5000-0x5fff]
[    0.581206] pci 0000:00:16.0:   bridge window [mem 0xfd300000-0xfd3fffff]
[    0.581252] pci 0000:00:16.0:   bridge window [mem 0xe7900000-0xe79fffff 64bit pref]
[    0.581886] pci 0000:00:16.1: PCI bridge to [bus 0c]
[    0.581909] pci 0000:00:16.1:   bridge window [io  0x9000-0x9fff]
[    0.581933] pci 0000:00:16.1:   bridge window [mem 0xfcf00000-0xfcffffff]
[    0.581978] pci 0000:00:16.1:   bridge window [mem 0xe7500000-0xe75fffff 64bit pref]
[    0.582394] pci 0000:00:16.2: PCI bridge to [bus 0d]
[    0.582418] pci 0000:00:16.2:   bridge window [io  0xd000-0xdfff]
[    0.582441] pci 0000:00:16.2:   bridge window [mem 0xfcb00000-0xfcbfffff]
[    0.582487] pci 0000:00:16.2:   bridge window [mem 0xe7100000-0xe71fffff 64bit pref]
[    0.583030] pci 0000:00:16.3: PCI bridge to [bus 0e]
[    0.583076] pci 0000:00:16.3:   bridge window [mem 0xfc700000-0xfc7fffff]
[    0.583122] pci 0000:00:16.3:   bridge window [mem 0xe6d00000-0xe6dfffff 64bit pref]
[    0.583474] pci 0000:00:16.4: PCI bridge to [bus 0f]
[    0.583520] pci 0000:00:16.4:   bridge window [mem 0xfc300000-0xfc3fffff]
[    0.583565] pci 0000:00:16.4:   bridge window [mem 0xe6900000-0xe69fffff 64bit pref]
[    0.583957] pci 0000:00:16.5: PCI bridge to [bus 10]
[    0.584000] pci 0000:00:16.5:   bridge window [mem 0xfbf00000-0xfbffffff]
[    0.584039] pci 0000:00:16.5:   bridge window [mem 0xe6500000-0xe65fffff 64bit pref]
[    0.584471] pci 0000:00:16.6: PCI bridge to [bus 11]
[    0.584517] pci 0000:00:16.6:   bridge window [mem 0xfbb00000-0xfbbfffff]
[    0.584563] pci 0000:00:16.6:   bridge window [mem 0xe6100000-0xe61fffff 64bit pref]
[    0.585001] pci 0000:00:16.7: PCI bridge to [bus 12]
[    0.585061] pci 0000:00:16.7:   bridge window [mem 0xfb700000-0xfb7fffff]
[    0.585108] pci 0000:00:16.7:   bridge window [mem 0xe5d00000-0xe5dfffff 64bit pref]
[    0.585696] pci 0000:00:17.0: PCI bridge to [bus 13]
[    0.585763] pci 0000:00:17.0:   bridge window [io  0x6000-0x6fff]
[    0.585787] pci 0000:00:17.0:   bridge window [mem 0xfd200000-0xfd2fffff]
[    0.585868] pci 0000:00:17.0:   bridge window [mem 0xe7800000-0xe78fffff 64bit pref]
[    0.586371] pci 0000:00:17.1: PCI bridge to [bus 14]
[    0.586395] pci 0000:00:17.1:   bridge window [io  0xa000-0xafff]
[    0.586433] pci 0000:00:17.1:   bridge window [mem 0xfce00000-0xfcefffff]
[    0.586527] pci 0000:00:17.1:   bridge window [mem 0xe7400000-0xe74fffff 64bit pref]
[    0.587068] pci 0000:00:17.2: PCI bridge to [bus 15]
[    0.587091] pci 0000:00:17.2:   bridge window [io  0xe000-0xefff]
[    0.587115] pci 0000:00:17.2:   bridge window [mem 0xfca00000-0xfcafffff]
[    0.587161] pci 0000:00:17.2:   bridge window [mem 0xe7000000-0xe70fffff 64bit pref]
[    0.587516] pci 0000:00:17.3: PCI bridge to [bus 16]
[    0.587562] pci 0000:00:17.3:   bridge window [mem 0xfc600000-0xfc6fffff]
[    0.587607] pci 0000:00:17.3:   bridge window [mem 0xe6c00000-0xe6cfffff 64bit pref]
[    0.587963] pci 0000:00:17.4: PCI bridge to [bus 17]
[    0.588006] pci 0000:00:17.4:   bridge window [mem 0xfc200000-0xfc2fffff]
[    0.588053] pci 0000:00:17.4:   bridge window [mem 0xe6800000-0xe68fffff 64bit pref]
[    0.588449] pci 0000:00:17.5: PCI bridge to [bus 18]
[    0.588494] pci 0000:00:17.5:   bridge window [mem 0xfbe00000-0xfbefffff]
[    0.588541] pci 0000:00:17.5:   bridge window [mem 0xe6400000-0xe64fffff 64bit pref]
[    0.588895] pci 0000:00:17.6: PCI bridge to [bus 19]
[    0.588941] pci 0000:00:17.6:   bridge window [mem 0xfba00000-0xfbafffff]
[    0.588986] pci 0000:00:17.6:   bridge window [mem 0xe6000000-0xe60fffff 64bit pref]
[    0.589369] pci 0000:00:17.7: PCI bridge to [bus 1a]
[    0.589414] pci 0000:00:17.7:   bridge window [mem 0xfb600000-0xfb6fffff]
[    0.589460] pci 0000:00:17.7:   bridge window [mem 0xe5c00000-0xe5cfffff 64bit pref]
[    0.589879] pci 0000:00:18.0: PCI bridge to [bus 1b]
[    0.589903] pci 0000:00:18.0:   bridge window [io  0x7000-0x7fff]
[    0.589926] pci 0000:00:18.0:   bridge window [mem 0xfd100000-0xfd1fffff]
[    0.589972] pci 0000:00:18.0:   bridge window [mem 0xe7700000-0xe77fffff 64bit pref]
[    0.590324] pci 0000:00:18.1: PCI bridge to [bus 1c]
[    0.590348] pci 0000:00:18.1:   bridge window [io  0xb000-0xbfff]
[    0.590371] pci 0000:00:18.1:   bridge window [mem 0xfcd00000-0xfcdfffff]
[    0.590417] pci 0000:00:18.1:   bridge window [mem 0xe7300000-0xe73fffff 64bit pref]
[    0.590830] pci 0000:00:18.2: PCI bridge to [bus 1d]
[    0.590888] pci 0000:00:18.2:   bridge window [mem 0xfc900000-0xfc9fffff]
[    0.590933] pci 0000:00:18.2:   bridge window [mem 0xe6f00000-0xe6ffffff 64bit pref]
[    0.591437] pci 0000:00:18.3: PCI bridge to [bus 1e]
[    0.591481] pci 0000:00:18.3:   bridge window [mem 0xfc500000-0xfc5fffff]
[    0.591525] pci 0000:00:18.3:   bridge window [mem 0xe6b00000-0xe6bfffff 64bit pref]
[    0.591869] pci 0000:00:18.4: PCI bridge to [bus 1f]
[    0.591913] pci 0000:00:18.4:   bridge window [mem 0xfc100000-0xfc1fffff]
[    0.591957] pci 0000:00:18.4:   bridge window [mem 0xe6700000-0xe67fffff 64bit pref]
[    0.592320] pci 0000:00:18.5: PCI bridge to [bus 20]
[    0.592364] pci 0000:00:18.5:   bridge window [mem 0xfbd00000-0xfbdfffff]
[    0.592409] pci 0000:00:18.5:   bridge window [mem 0xe6300000-0xe63fffff 64bit pref]
[    0.592891] pci 0000:00:18.6: PCI bridge to [bus 21]
[    0.592935] pci 0000:00:18.6:   bridge window [mem 0xfb900000-0xfb9fffff]
[    0.592979] pci 0000:00:18.6:   bridge window [mem 0xe5f00000-0xe5ffffff 64bit pref]
[    0.593586] pci 0000:00:18.7: PCI bridge to [bus 22]
[    0.593645] pci 0000:00:18.7:   bridge window [mem 0xfb500000-0xfb5fffff]
[    0.593693] pci 0000:00:18.7:   bridge window [mem 0xe5b00000-0xe5bfffff 64bit pref]
[    0.597607] ACPI: PCI Interrupt Link [LNKA] (IRQs 3 4 5 6 7 *9 10 11 14 15)
[    0.597734] ACPI: PCI Interrupt Link [LNKB] (IRQs 3 4 5 6 7 9 10 *11 14 15)
[    0.597827] ACPI: PCI Interrupt Link [LNKC] (IRQs 3 4 5 6 7 9 *10 11 14 15)
[    0.597919] ACPI: PCI Interrupt Link [LNKD] (IRQs 3 4 5 6 *7 9 10 11 14 15)
[    0.665640] SCSI subsystem initialized
[    0.665818] libata version 3.00 loaded.
[    0.665818] pci 0000:00:0f.0: vgaarb: setting as boot VGA device
[    0.665818] pci 0000:00:0f.0: vgaarb: VGA device added: decodes=io+mem,owns=io+mem,locks=none
[    0.665818] pci 0000:00:0f.0: vgaarb: bridge control possible
[    0.665818] vgaarb: loaded
[    0.665818] ACPI: bus type USB registered
[    0.665818] usbcore: registered new interface driver usbfs
[    0.665818] usbcore: registered new interface driver hub
[    0.665818] usbcore: registered new device driver usb
[    0.665818] EDAC MC: Ver: 3.0.0
[    0.668971] PCI: Using ACPI for IRQ routing
[    0.684000] PCI: pci_cache_line_size set to 64 bytes
[    0.684000] e820: reserve RAM buffer [mem 0x0009e800-0x0009ffff]
[    0.684000] e820: reserve RAM buffer [mem 0xbfed0000-0xbfffffff]
[    0.684098] NetLabel: Initializing
[    0.684099] NetLabel:  domain hash size = 128
[    0.684099] NetLabel:  protocols = UNLABELED CIPSOv4 CALIPSO
[    0.684107] NetLabel:  unlabeled traffic allowed by default
[    0.689012] hpet0: at MMIO 0xfed00000, IRQs 2, 8, 0, 0, 0, 0, 0, 0, 0, 0, 0, 0, 0, 0, 0, 0
[    0.689018] hpet0: 16 comparators, 64-bit 14.318180 MHz counter
[    0.691203] clocksource: Switched to clocksource hpet
[    0.738495] VFS: Disk quotas dquot_6.6.0
[    0.738567] VFS: Dquot-cache hash table entries: 512 (order 0, 4096 bytes)
[    0.739354] AppArmor: AppArmor Filesystem Enabled
[    0.739378] pnp: PnP ACPI init
[    0.739580] system 00:00: [io  0x1000-0x103f] has been reserved
[    0.739581] system 00:00: [io  0x1040-0x104f] has been reserved
[    0.739582] system 00:00: [io  0x0cf0-0x0cf1] has been reserved
[    0.739586] system 00:00: Plug and Play ACPI device, IDs PNP0c02 (active)
[    0.739653] pnp 00:01: Plug and Play ACPI device, IDs PNP0b00 (active)
[    0.739670] pnp 00:02: Plug and Play ACPI device, IDs PNP0303 (active)
[    0.739683] pnp 00:03: Plug and Play ACPI device, IDs VMW0003 PNP0f13 (active)
[    0.739940] system 00:04: [mem 0xfed00000-0xfed003ff] has been reserved
[    0.739943] system 00:04: Plug and Play ACPI device, IDs PNP0103 PNP0c01 (active)
[    0.741931] pnp 00:05: Plug and Play ACPI device, IDs PNP0501 (active)
[    0.742435] system 00:06: [io  0xfce0-0xfcff] has been reserved
[    0.742436] system 00:06: [mem 0xf0000000-0xf7ffffff] has been reserved
[    0.742438] system 00:06: [mem 0xfe800000-0xfe9fffff] has been reserved
[    0.742441] system 00:06: Plug and Play ACPI device, IDs PNP0c02 (active)
[    0.794539] pnp: PnP ACPI: found 7 devices
[    0.810637] clocksource: acpi_pm: mask: 0xffffff max_cycles: 0xffffff, max_idle_ns: 2085701024 ns
[    0.811787] pci 0000:00:15.3: bridge window [io  0x1000-0x0fff] to [bus 06] add_size 1000
[    0.811866] pci 0000:00:15.4: bridge window [io  0x1000-0x0fff] to [bus 07] add_size 1000
[    0.811932] pci 0000:00:15.5: bridge window [io  0x1000-0x0fff] to [bus 08] add_size 1000
[    0.811999] pci 0000:00:15.6: bridge window [io  0x1000-0x0fff] to [bus 09] add_size 1000
[    0.812073] pci 0000:00:15.7: bridge window [io  0x1000-0x0fff] to [bus 0a] add_size 1000
[    0.812329] pci 0000:00:16.3: bridge window [io  0x1000-0x0fff] to [bus 0e] add_size 1000
[    0.812394] pci 0000:00:16.4: bridge window [io  0x1000-0x0fff] to [bus 0f] add_size 1000
[    0.812459] pci 0000:00:16.5: bridge window [io  0x1000-0x0fff] to [bus 10] add_size 1000
[    0.812523] pci 0000:00:16.6: bridge window [io  0x1000-0x0fff] to [bus 11] add_size 1000
[    0.812588] pci 0000:00:16.7: bridge window [io  0x1000-0x0fff] to [bus 12] add_size 1000
[    0.812845] pci 0000:00:17.3: bridge window [io  0x1000-0x0fff] to [bus 16] add_size 1000
[    0.812942] pci 0000:00:17.4: bridge window [io  0x1000-0x0fff] to [bus 17] add_size 1000
[    0.813009] pci 0000:00:17.5: bridge window [io  0x1000-0x0fff] to [bus 18] add_size 1000
[    0.813074] pci 0000:00:17.6: bridge window [io  0x1000-0x0fff] to [bus 19] add_size 1000
[    0.813139] pci 0000:00:17.7: bridge window [io  0x1000-0x0fff] to [bus 1a] add_size 1000
[    0.813332] pci 0000:00:18.2: bridge window [io  0x1000-0x0fff] to [bus 1d] add_size 1000
[    0.813397] pci 0000:00:18.3: bridge window [io  0x1000-0x0fff] to [bus 1e] add_size 1000
[    0.813462] pci 0000:00:18.4: bridge window [io  0x1000-0x0fff] to [bus 1f] add_size 1000
[    0.813527] pci 0000:00:18.5: bridge window [io  0x1000-0x0fff] to [bus 20] add_size 1000
[    0.813592] pci 0000:00:18.6: bridge window [io  0x1000-0x0fff] to [bus 21] add_size 1000
[    0.813657] pci 0000:00:18.7: bridge window [io  0x1000-0x0fff] to [bus 22] add_size 1000
[    0.813690] pci 0000:00:0f.0: BAR 6: assigned [mem 0xc0000000-0xc0007fff pref]
[    0.813692] pci 0000:00:10.0: BAR 6: assigned [mem 0xc0008000-0xc000bfff pref]
[    0.813695] pci 0000:00:15.3: BAR 13: no space for [io  size 0x1000]
[    0.813696] pci 0000:00:15.3: BAR 13: failed to assign [io  size 0x1000]
[    0.813697] pci 0000:00:15.4: BAR 13: no space for [io  size 0x1000]
[    0.813698] pci 0000:00:15.4: BAR 13: failed to assign [io  size 0x1000]
[    0.813699] pci 0000:00:15.5: BAR 13: no space for [io  size 0x1000]
[    0.813700] pci 0000:00:15.5: BAR 13: failed to assign [io  size 0x1000]
[    0.813701] pci 0000:00:15.6: BAR 13: no space for [io  size 0x1000]
[    0.813702] pci 0000:00:15.6: BAR 13: failed to assign [io  size 0x1000]
[    0.813703] pci 0000:00:15.7: BAR 13: no space for [io  size 0x1000]
[    0.813703] pci 0000:00:15.7: BAR 13: failed to assign [io  size 0x1000]
[    0.813705] pci 0000:00:16.3: BAR 13: no space for [io  size 0x1000]
[    0.813705] pci 0000:00:16.3: BAR 13: failed to assign [io  size 0x1000]
[    0.813706] pci 0000:00:16.4: BAR 13: no space for [io  size 0x1000]
[    0.813707] pci 0000:00:16.4: BAR 13: failed to assign [io  size 0x1000]
[    0.813708] pci 0000:00:16.5: BAR 13: no space for [io  size 0x1000]
[    0.813709] pci 0000:00:16.5: BAR 13: failed to assign [io  size 0x1000]
[    0.813710] pci 0000:00:16.6: BAR 13: no space for [io  size 0x1000]
[    0.813711] pci 0000:00:16.6: BAR 13: failed to assign [io  size 0x1000]
[    0.813712] pci 0000:00:16.7: BAR 13: no space for [io  size 0x1000]
[    0.813712] pci 0000:00:16.7: BAR 13: failed to assign [io  size 0x1000]
[    0.813714] pci 0000:00:17.3: BAR 13: no space for [io  size 0x1000]
[    0.813714] pci 0000:00:17.3: BAR 13: failed to assign [io  size 0x1000]
[    0.813715] pci 0000:00:17.4: BAR 13: no space for [io  size 0x1000]
[    0.813716] pci 0000:00:17.4: BAR 13: failed to assign [io  size 0x1000]
[    0.813717] pci 0000:00:17.5: BAR 13: no space for [io  size 0x1000]
[    0.813718] pci 0000:00:17.5: BAR 13: failed to assign [io  size 0x1000]
[    0.813719] pci 0000:00:17.6: BAR 13: no space for [io  size 0x1000]
[    0.813719] pci 0000:00:17.6: BAR 13: failed to assign [io  size 0x1000]
[    0.813721] pci 0000:00:17.7: BAR 13: no space for [io  size 0x1000]
[    0.813721] pci 0000:00:17.7: BAR 13: failed to assign [io  size 0x1000]
[    0.813722] pci 0000:00:18.2: BAR 13: no space for [io  size 0x1000]
[    0.813723] pci 0000:00:18.2: BAR 13: failed to assign [io  size 0x1000]
[    0.813724] pci 0000:00:18.3: BAR 13: no space for [io  size 0x1000]
[    0.813725] pci 0000:00:18.3: BAR 13: failed to assign [io  size 0x1000]
[    0.813726] pci 0000:00:18.4: BAR 13: no space for [io  size 0x1000]
[    0.813727] pci 0000:00:18.4: BAR 13: failed to assign [io  size 0x1000]
[    0.813728] pci 0000:00:18.5: BAR 13: no space for [io  size 0x1000]
[    0.813728] pci 0000:00:18.5: BAR 13: failed to assign [io  size 0x1000]
[    0.813730] pci 0000:00:18.6: BAR 13: no space for [io  size 0x1000]
[    0.813730] pci 0000:00:18.6: BAR 13: failed to assign [io  size 0x1000]
[    0.813731] pci 0000:00:18.7: BAR 13: no space for [io  size 0x1000]
[    0.813732] pci 0000:00:18.7: BAR 13: failed to assign [io  size 0x1000]
[    0.813735] pci 0000:00:18.7: BAR 13: no space for [io  size 0x1000]
[    0.813736] pci 0000:00:18.7: BAR 13: failed to assign [io  size 0x1000]
[    0.813737] pci 0000:00:18.6: BAR 13: no space for [io  size 0x1000]
[    0.813737] pci 0000:00:18.6: BAR 13: failed to assign [io  size 0x1000]
[    0.813739] pci 0000:00:18.5: BAR 13: no space for [io  size 0x1000]
[    0.813739] pci 0000:00:18.5: BAR 13: failed to assign [io  size 0x1000]
[    0.813741] pci 0000:00:18.4: BAR 13: no space for [io  size 0x1000]
[    0.813741] pci 0000:00:18.4: BAR 13: failed to assign [io  size 0x1000]
[    0.813742] pci 0000:00:18.3: BAR 13: no space for [io  size 0x1000]
[    0.813743] pci 0000:00:18.3: BAR 13: failed to assign [io  size 0x1000]
[    0.813744] pci 0000:00:18.2: BAR 13: no space for [io  size 0x1000]
[    0.813745] pci 0000:00:18.2: BAR 13: failed to assign [io  size 0x1000]
[    0.813746] pci 0000:00:17.7: BAR 13: no space for [io  size 0x1000]
[    0.813747] pci 0000:00:17.7: BAR 13: failed to assign [io  size 0x1000]
[    0.813748] pci 0000:00:17.6: BAR 13: no space for [io  size 0x1000]
[    0.813748] pci 0000:00:17.6: BAR 13: failed to assign [io  size 0x1000]
[    0.813750] pci 0000:00:17.5: BAR 13: no space for [io  size 0x1000]
[    0.813750] pci 0000:00:17.5: BAR 13: failed to assign [io  size 0x1000]
[    0.813751] pci 0000:00:17.4: BAR 13: no space for [io  size 0x1000]
[    0.813752] pci 0000:00:17.4: BAR 13: failed to assign [io  size 0x1000]
[    0.813753] pci 0000:00:17.3: BAR 13: no space for [io  size 0x1000]
[    0.813754] pci 0000:00:17.3: BAR 13: failed to assign [io  size 0x1000]
[    0.813755] pci 0000:00:16.7: BAR 13: no space for [io  size 0x1000]
[    0.813756] pci 0000:00:16.7: BAR 13: failed to assign [io  size 0x1000]
[    0.813757] pci 0000:00:16.6: BAR 13: no space for [io  size 0x1000]
[    0.813757] pci 0000:00:16.6: BAR 13: failed to assign [io  size 0x1000]
[    0.813759] pci 0000:00:16.5: BAR 13: no space for [io  size 0x1000]
[    0.813759] pci 0000:00:16.5: BAR 13: failed to assign [io  size 0x1000]
[    0.813760] pci 0000:00:16.4: BAR 13: no space for [io  size 0x1000]
[    0.813761] pci 0000:00:16.4: BAR 13: failed to assign [io  size 0x1000]
[    0.813762] pci 0000:00:16.3: BAR 13: no space for [io  size 0x1000]
[    0.813763] pci 0000:00:16.3: BAR 13: failed to assign [io  size 0x1000]
[    0.813764] pci 0000:00:15.7: BAR 13: no space for [io  size 0x1000]
[    0.813764] pci 0000:00:15.7: BAR 13: failed to assign [io  size 0x1000]
[    0.813766] pci 0000:00:15.6: BAR 13: no space for [io  size 0x1000]
[    0.813766] pci 0000:00:15.6: BAR 13: failed to assign [io  size 0x1000]
[    0.813767] pci 0000:00:15.5: BAR 13: no space for [io  size 0x1000]
[    0.813768] pci 0000:00:15.5: BAR 13: failed to assign [io  size 0x1000]
[    0.813769] pci 0000:00:15.4: BAR 13: no space for [io  size 0x1000]
[    0.813770] pci 0000:00:15.4: BAR 13: failed to assign [io  size 0x1000]
[    0.813771] pci 0000:00:15.3: BAR 13: no space for [io  size 0x1000]
[    0.813772] pci 0000:00:15.3: BAR 13: failed to assign [io  size 0x1000]
[    0.813774] pci 0000:00:01.0: PCI bridge to [bus 01]
[    0.813885] pci 0000:02:01.0: BAR 6: assigned [mem 0xfd500000-0xfd50ffff pref]
[    0.813887] pci 0000:02:05.0: BAR 6: assigned [mem 0xfd510000-0xfd51ffff pref]
[    0.813888] pci 0000:00:11.0: PCI bridge to [bus 02]
[    0.813900] pci 0000:00:11.0:   bridge window [io  0x2000-0x3fff]
[    0.813945] pci 0000:00:11.0:   bridge window [mem 0xfd500000-0xfdffffff]
[    0.813968] pci 0000:00:11.0:   bridge window [mem 0xe7b00000-0xe7ffffff 64bit pref]
[    0.814011] pci 0000:00:15.0: PCI bridge to [bus 03]
[    0.814023] pci 0000:00:15.0:   bridge window [io  0x4000-0x4fff]
[    0.814056] pci 0000:00:15.0:   bridge window [mem 0xfd400000-0xfd4fffff]
[    0.814078] pci 0000:00:15.0:   bridge window [mem 0xe7a00000-0xe7afffff 64bit pref]
[    0.814154] pci 0000:00:15.1: PCI bridge to [bus 04]
[    0.814166] pci 0000:00:15.1:   bridge window [io  0x8000-0x8fff]
[    0.814199] pci 0000:00:15.1:   bridge window [mem 0xfd000000-0xfd0fffff]
[    0.814221] pci 0000:00:15.1:   bridge window [mem 0xe7600000-0xe76fffff 64bit pref]
[    0.814276] pci 0000:00:15.2: PCI bridge to [bus 05]
[    0.814289] pci 0000:00:15.2:   bridge window [io  0xc000-0xcfff]
[    0.814321] pci 0000:00:15.2:   bridge window [mem 0xfcc00000-0xfccfffff]
[    0.814343] pci 0000:00:15.2:   bridge window [mem 0xe7200000-0xe72fffff 64bit pref]
[    0.814398] pci 0000:00:15.3: PCI bridge to [bus 06]
[    0.814431] pci 0000:00:15.3:   bridge window [mem 0xfc800000-0xfc8fffff]
[    0.814453] pci 0000:00:15.3:   bridge window [mem 0xe6e00000-0xe6efffff 64bit pref]
[    0.814507] pci 0000:00:15.4: PCI bridge to [bus 07]
[    0.814540] pci 0000:00:15.4:   bridge window [mem 0xfc400000-0xfc4fffff]
[    0.814562] pci 0000:00:15.4:   bridge window [mem 0xe6a00000-0xe6afffff 64bit pref]
[    0.814616] pci 0000:00:15.5: PCI bridge to [bus 08]
[    0.814649] pci 0000:00:15.5:   bridge window [mem 0xfc000000-0xfc0fffff]
[    0.814671] pci 0000:00:15.5:   bridge window [mem 0xe6600000-0xe66fffff 64bit pref]
[    0.814725] pci 0000:00:15.6: PCI bridge to [bus 09]
[    0.814758] pci 0000:00:15.6:   bridge window [mem 0xfbc00000-0xfbcfffff]
[    0.814780] pci 0000:00:15.6:   bridge window [mem 0xe6200000-0xe62fffff 64bit pref]
[    0.814837] pci 0000:00:15.7: PCI bridge to [bus 0a]
[    0.814878] pci 0000:00:15.7:   bridge window [mem 0xfb800000-0xfb8fffff]
[    0.814905] pci 0000:00:15.7:   bridge window [mem 0xe5e00000-0xe5efffff 64bit pref]
[    0.814963] pci 0000:00:16.0: PCI bridge to [bus 0b]
[    0.814975] pci 0000:00:16.0:   bridge window [io  0x5000-0x5fff]
[    0.815008] pci 0000:00:16.0:   bridge window [mem 0xfd300000-0xfd3fffff]
[    0.815030] pci 0000:00:16.0:   bridge window [mem 0xe7900000-0xe79fffff 64bit pref]
[    0.815084] pci 0000:00:16.1: PCI bridge to [bus 0c]
[    0.815096] pci 0000:00:16.1:   bridge window [io  0x9000-0x9fff]
[    0.815129] pci 0000:00:16.1:   bridge window [mem 0xfcf00000-0xfcffffff]
[    0.815151] pci 0000:00:16.1:   bridge window [mem 0xe7500000-0xe75fffff 64bit pref]
[    0.815205] pci 0000:00:16.2: PCI bridge to [bus 0d]
[    0.815217] pci 0000:00:16.2:   bridge window [io  0xd000-0xdfff]
[    0.815250] pci 0000:00:16.2:   bridge window [mem 0xfcb00000-0xfcbfffff]
[    0.815272] pci 0000:00:16.2:   bridge window [mem 0xe7100000-0xe71fffff 64bit pref]
[    0.815325] pci 0000:00:16.3: PCI bridge to [bus 0e]
[    0.815359] pci 0000:00:16.3:   bridge window [mem 0xfc700000-0xfc7fffff]
[    0.815381] pci 0000:00:16.3:   bridge window [mem 0xe6d00000-0xe6dfffff 64bit pref]
[    0.815435] pci 0000:00:16.4: PCI bridge to [bus 0f]
[    0.815468] pci 0000:00:16.4:   bridge window [mem 0xfc300000-0xfc3fffff]
[    0.815490] pci 0000:00:16.4:   bridge window [mem 0xe6900000-0xe69fffff 64bit pref]
[    0.815545] pci 0000:00:16.5: PCI bridge to [bus 10]
[    0.815645] pci 0000:00:16.5:   bridge window [mem 0xfbf00000-0xfbffffff]
[    0.815669] pci 0000:00:16.5:   bridge window [mem 0xe6500000-0xe65fffff 64bit pref]
[    0.815738] pci 0000:00:16.6: PCI bridge to [bus 11]
[    0.815773] pci 0000:00:16.6:   bridge window [mem 0xfbb00000-0xfbbfffff]
[    0.815809] pci 0000:00:16.6:   bridge window [mem 0xe6100000-0xe61fffff 64bit pref]
[    0.815862] pci 0000:00:16.7: PCI bridge to [bus 12]
[    0.815896] pci 0000:00:16.7:   bridge window [mem 0xfb700000-0xfb7fffff]
[    0.815918] pci 0000:00:16.7:   bridge window [mem 0xe5d00000-0xe5dfffff 64bit pref]
[    0.815972] pci 0000:00:17.0: PCI bridge to [bus 13]
[    0.815984] pci 0000:00:17.0:   bridge window [io  0x6000-0x6fff]
[    0.816029] pci 0000:00:17.0:   bridge window [mem 0xfd200000-0xfd2fffff]
[    0.816052] pci 0000:00:17.0:   bridge window [mem 0xe7800000-0xe78fffff 64bit pref]
[    0.816113] pci 0000:00:17.1: PCI bridge to [bus 14]
[    0.816125] pci 0000:00:17.1:   bridge window [io  0xa000-0xafff]
[    0.816158] pci 0000:00:17.1:   bridge window [mem 0xfce00000-0xfcefffff]
[    0.816181] pci 0000:00:17.1:   bridge window [mem 0xe7400000-0xe74fffff 64bit pref]
[    0.816235] pci 0000:00:17.2: PCI bridge to [bus 15]
[    0.816248] pci 0000:00:17.2:   bridge window [io  0xe000-0xefff]
[    0.816281] pci 0000:00:17.2:   bridge window [mem 0xfca00000-0xfcafffff]
[    0.816303] pci 0000:00:17.2:   bridge window [mem 0xe7000000-0xe70fffff 64bit pref]
[    0.816358] pci 0000:00:17.3: PCI bridge to [bus 16]
[    0.816392] pci 0000:00:17.3:   bridge window [mem 0xfc600000-0xfc6fffff]
[    0.816414] pci 0000:00:17.3:   bridge window [mem 0xe6c00000-0xe6cfffff 64bit pref]
[    0.816468] pci 0000:00:17.4: PCI bridge to [bus 17]
[    0.816503] pci 0000:00:17.4:   bridge window [mem 0xfc200000-0xfc2fffff]
[    0.816525] pci 0000:00:17.4:   bridge window [mem 0xe6800000-0xe68fffff 64bit pref]
[    0.816620] pci 0000:00:17.5: PCI bridge to [bus 18]
[    0.816715] pci 0000:00:17.5:   bridge window [mem 0xfbe00000-0xfbefffff]
[    0.816755] pci 0000:00:17.5:   bridge window [mem 0xe6400000-0xe64fffff 64bit pref]
[    0.816861] pci 0000:00:17.6: PCI bridge to [bus 19]
[    0.816945] pci 0000:00:17.6:   bridge window [mem 0xfba00000-0xfbafffff]
[    0.816987] pci 0000:00:17.6:   bridge window [mem 0xe6000000-0xe60fffff 64bit pref]
[    0.817055] pci 0000:00:17.7: PCI bridge to [bus 1a]
[    0.817088] pci 0000:00:17.7:   bridge window [mem 0xfb600000-0xfb6fffff]
[    0.817110] pci 0000:00:17.7:   bridge window [mem 0xe5c00000-0xe5cfffff 64bit pref]
[    0.817164] pci 0000:00:18.0: PCI bridge to [bus 1b]
[    0.817176] pci 0000:00:18.0:   bridge window [io  0x7000-0x7fff]
[    0.817209] pci 0000:00:18.0:   bridge window [mem 0xfd100000-0xfd1fffff]
[    0.817232] pci 0000:00:18.0:   bridge window [mem 0xe7700000-0xe77fffff 64bit pref]
[    0.817339] pci 0000:00:18.1: PCI bridge to [bus 1c]
[    0.817369] pci 0000:00:18.1:   bridge window [io  0xb000-0xbfff]
[    0.817449] pci 0000:00:18.1:   bridge window [mem 0xfcd00000-0xfcdfffff]
[    0.817526] pci 0000:00:18.1:   bridge window [mem 0xe7300000-0xe73fffff 64bit pref]
[    0.817663] pci 0000:00:18.2: PCI bridge to [bus 1d]
[    0.817699] pci 0000:00:18.2:   bridge window [mem 0xfc900000-0xfc9fffff]
[    0.817722] pci 0000:00:18.2:   bridge window [mem 0xe6f00000-0xe6ffffff 64bit pref]
[    0.817779] pci 0000:00:18.3: PCI bridge to [bus 1e]
[    0.817814] pci 0000:00:18.3:   bridge window [mem 0xfc500000-0xfc5fffff]
[    0.817837] pci 0000:00:18.3:   bridge window [mem 0xe6b00000-0xe6bfffff 64bit pref]
[    0.817922] pci 0000:00:18.4: PCI bridge to [bus 1f]
[    0.817955] pci 0000:00:18.4:   bridge window [mem 0xfc100000-0xfc1fffff]
[    0.817977] pci 0000:00:18.4:   bridge window [mem 0xe6700000-0xe67fffff 64bit pref]
[    0.818135] pci 0000:00:18.5: PCI bridge to [bus 20]
[    0.818222] pci 0000:00:18.5:   bridge window [mem 0xfbd00000-0xfbdfffff]
[    0.818264] pci 0000:00:18.5:   bridge window [mem 0xe6300000-0xe63fffff 64bit pref]
[    0.818416] pci 0000:00:18.6: PCI bridge to [bus 21]
[    0.818466] pci 0000:00:18.6:   bridge window [mem 0xfb900000-0xfb9fffff]
[    0.818502] pci 0000:00:18.6:   bridge window [mem 0xe5f00000-0xe5ffffff 64bit pref]
[    0.818558] pci 0000:00:18.7: PCI bridge to [bus 22]
[    0.818593] pci 0000:00:18.7:   bridge window [mem 0xfb500000-0xfb5fffff]
[    0.818616] pci 0000:00:18.7:   bridge window [mem 0xe5b00000-0xe5bfffff 64bit pref]
[    0.818674] pci_bus 0000:00: resource 4 [mem 0x000a0000-0x000bffff window]
[    0.818674] pci_bus 0000:00: resource 5 [mem 0x000d0000-0x000d3fff window]
[    0.818675] pci_bus 0000:00: resource 6 [mem 0x000d4000-0x000d7fff window]
[    0.818676] pci_bus 0000:00: resource 7 [mem 0x000d8000-0x000dbfff window]
[    0.818677] pci_bus 0000:00: resource 8 [mem 0xc0000000-0xfebfffff window]
[    0.818677] pci_bus 0000:00: resource 9 [io  0x0000-0x0cf7 window]
[    0.818678] pci_bus 0000:00: resource 10 [io  0x0d00-0xfeff window]
[    0.818680] pci_bus 0000:02: resource 0 [io  0x2000-0x3fff]
[    0.818681] pci_bus 0000:02: resource 1 [mem 0xfd500000-0xfdffffff]
[    0.818681] pci_bus 0000:02: resource 2 [mem 0xe7b00000-0xe7ffffff 64bit pref]
[    0.818682] pci_bus 0000:02: resource 4 [mem 0x000a0000-0x000bffff window]
[    0.818683] pci_bus 0000:02: resource 5 [mem 0x000d0000-0x000d3fff window]
[    0.818683] pci_bus 0000:02: resource 6 [mem 0x000d4000-0x000d7fff window]
[    0.818684] pci_bus 0000:02: resource 7 [mem 0x000d8000-0x000dbfff window]
[    0.818685] pci_bus 0000:02: resource 8 [mem 0xc0000000-0xfebfffff window]
[    0.818686] pci_bus 0000:02: resource 9 [io  0x0000-0x0cf7 window]
[    0.818686] pci_bus 0000:02: resource 10 [io  0x0d00-0xfeff window]
[    0.818688] pci_bus 0000:03: resource 0 [io  0x4000-0x4fff]
[    0.818688] pci_bus 0000:03: resource 1 [mem 0xfd400000-0xfd4fffff]
[    0.818689] pci_bus 0000:03: resource 2 [mem 0xe7a00000-0xe7afffff 64bit pref]
[    0.818690] pci_bus 0000:04: resource 0 [io  0x8000-0x8fff]
[    0.818691] pci_bus 0000:04: resource 1 [mem 0xfd000000-0xfd0fffff]
[    0.818691] pci_bus 0000:04: resource 2 [mem 0xe7600000-0xe76fffff 64bit pref]
[    0.818692] pci_bus 0000:05: resource 0 [io  0xc000-0xcfff]
[    0.818693] pci_bus 0000:05: resource 1 [mem 0xfcc00000-0xfccfffff]
[    0.818693] pci_bus 0000:05: resource 2 [mem 0xe7200000-0xe72fffff 64bit pref]
[    0.818694] pci_bus 0000:06: resource 1 [mem 0xfc800000-0xfc8fffff]
[    0.818695] pci_bus 0000:06: resource 2 [mem 0xe6e00000-0xe6efffff 64bit pref]
[    0.818696] pci_bus 0000:07: resource 1 [mem 0xfc400000-0xfc4fffff]
[    0.818696] pci_bus 0000:07: resource 2 [mem 0xe6a00000-0xe6afffff 64bit pref]
[    0.818697] pci_bus 0000:08: resource 1 [mem 0xfc000000-0xfc0fffff]
[    0.818698] pci_bus 0000:08: resource 2 [mem 0xe6600000-0xe66fffff 64bit pref]
[    0.818698] pci_bus 0000:09: resource 1 [mem 0xfbc00000-0xfbcfffff]
[    0.818699] pci_bus 0000:09: resource 2 [mem 0xe6200000-0xe62fffff 64bit pref]
[    0.818700] pci_bus 0000:0a: resource 1 [mem 0xfb800000-0xfb8fffff]
[    0.818701] pci_bus 0000:0a: resource 2 [mem 0xe5e00000-0xe5efffff 64bit pref]
[    0.818701] pci_bus 0000:0b: resource 0 [io  0x5000-0x5fff]
[    0.818702] pci_bus 0000:0b: resource 1 [mem 0xfd300000-0xfd3fffff]
[    0.818703] pci_bus 0000:0b: resource 2 [mem 0xe7900000-0xe79fffff 64bit pref]
[    0.818703] pci_bus 0000:0c: resource 0 [io  0x9000-0x9fff]
[    0.818704] pci_bus 0000:0c: resource 1 [mem 0xfcf00000-0xfcffffff]
[    0.818705] pci_bus 0000:0c: resource 2 [mem 0xe7500000-0xe75fffff 64bit pref]
[    0.818705] pci_bus 0000:0d: resource 0 [io  0xd000-0xdfff]
[    0.818706] pci_bus 0000:0d: resource 1 [mem 0xfcb00000-0xfcbfffff]
[    0.818707] pci_bus 0000:0d: resource 2 [mem 0xe7100000-0xe71fffff 64bit pref]
[    0.818707] pci_bus 0000:0e: resource 1 [mem 0xfc700000-0xfc7fffff]
[    0.818708] pci_bus 0000:0e: resource 2 [mem 0xe6d00000-0xe6dfffff 64bit pref]
[    0.818709] pci_bus 0000:0f: resource 1 [mem 0xfc300000-0xfc3fffff]
[    0.818710] pci_bus 0000:0f: resource 2 [mem 0xe6900000-0xe69fffff 64bit pref]
[    0.818711] pci_bus 0000:10: resource 1 [mem 0xfbf00000-0xfbffffff]
[    0.818711] pci_bus 0000:10: resource 2 [mem 0xe6500000-0xe65fffff 64bit pref]
[    0.818712] pci_bus 0000:11: resource 1 [mem 0xfbb00000-0xfbbfffff]
[    0.818712] pci_bus 0000:11: resource 2 [mem 0xe6100000-0xe61fffff 64bit pref]
[    0.818713] pci_bus 0000:12: resource 1 [mem 0xfb700000-0xfb7fffff]
[    0.818714] pci_bus 0000:12: resource 2 [mem 0xe5d00000-0xe5dfffff 64bit pref]
[    0.818715] pci_bus 0000:13: resource 0 [io  0x6000-0x6fff]
[    0.818715] pci_bus 0000:13: resource 1 [mem 0xfd200000-0xfd2fffff]
[    0.818716] pci_bus 0000:13: resource 2 [mem 0xe7800000-0xe78fffff 64bit pref]
[    0.818717] pci_bus 0000:14: resource 0 [io  0xa000-0xafff]
[    0.818717] pci_bus 0000:14: resource 1 [mem 0xfce00000-0xfcefffff]
[    0.818718] pci_bus 0000:14: resource 2 [mem 0xe7400000-0xe74fffff 64bit pref]
[    0.818748] pci_bus 0000:15: resource 0 [io  0xe000-0xefff]
[    0.818748] pci_bus 0000:15: resource 1 [mem 0xfca00000-0xfcafffff]
[    0.818749] pci_bus 0000:15: resource 2 [mem 0xe7000000-0xe70fffff 64bit pref]
[    0.818750] pci_bus 0000:16: resource 1 [mem 0xfc600000-0xfc6fffff]
[    0.818750] pci_bus 0000:16: resource 2 [mem 0xe6c00000-0xe6cfffff 64bit pref]
[    0.818751] pci_bus 0000:17: resource 1 [mem 0xfc200000-0xfc2fffff]
[    0.818752] pci_bus 0000:17: resource 2 [mem 0xe6800000-0xe68fffff 64bit pref]
[    0.818753] pci_bus 0000:18: resource 1 [mem 0xfbe00000-0xfbefffff]
[    0.818753] pci_bus 0000:18: resource 2 [mem 0xe6400000-0xe64fffff 64bit pref]
[    0.818754] pci_bus 0000:19: resource 1 [mem 0xfba00000-0xfbafffff]
[    0.818755] pci_bus 0000:19: resource 2 [mem 0xe6000000-0xe60fffff 64bit pref]
[    0.818755] pci_bus 0000:1a: resource 1 [mem 0xfb600000-0xfb6fffff]
[    0.818769] pci_bus 0000:1a: resource 2 [mem 0xe5c00000-0xe5cfffff 64bit pref]
[    0.818770] pci_bus 0000:1b: resource 0 [io  0x7000-0x7fff]
[    0.818771] pci_bus 0000:1b: resource 1 [mem 0xfd100000-0xfd1fffff]
[    0.818771] pci_bus 0000:1b: resource 2 [mem 0xe7700000-0xe77fffff 64bit pref]
[    0.818772] pci_bus 0000:1c: resource 0 [io  0xb000-0xbfff]
[    0.818772] pci_bus 0000:1c: resource 1 [mem 0xfcd00000-0xfcdfffff]
[    0.818773] pci_bus 0000:1c: resource 2 [mem 0xe7300000-0xe73fffff 64bit pref]
[    0.818774] pci_bus 0000:1d: resource 1 [mem 0xfc900000-0xfc9fffff]
[    0.818774] pci_bus 0000:1d: resource 2 [mem 0xe6f00000-0xe6ffffff 64bit pref]
[    0.818775] pci_bus 0000:1e: resource 1 [mem 0xfc500000-0xfc5fffff]
[    0.818776] pci_bus 0000:1e: resource 2 [mem 0xe6b00000-0xe6bfffff 64bit pref]
[    0.818776] pci_bus 0000:1f: resource 1 [mem 0xfc100000-0xfc1fffff]
[    0.818777] pci_bus 0000:1f: resource 2 [mem 0xe6700000-0xe67fffff 64bit pref]
[    0.818778] pci_bus 0000:20: resource 1 [mem 0xfbd00000-0xfbdfffff]
[    0.818778] pci_bus 0000:20: resource 2 [mem 0xe6300000-0xe63fffff 64bit pref]
[    0.818779] pci_bus 0000:21: resource 1 [mem 0xfb900000-0xfb9fffff]
[    0.818779] pci_bus 0000:21: resource 2 [mem 0xe5f00000-0xe5ffffff 64bit pref]
[    0.818780] pci_bus 0000:22: resource 1 [mem 0xfb500000-0xfb5fffff]
[    0.818781] pci_bus 0000:22: resource 2 [mem 0xe5b00000-0xe5bfffff 64bit pref]
[    0.819229] NET: Registered protocol family 2
[    0.819856] TCP established hash table entries: 131072 (order: 8, 1048576 bytes)
[    0.825409] TCP bind hash table entries: 65536 (order: 8, 1048576 bytes)
[    0.829854] TCP: Hash tables configured (established 131072 bind 65536)
[    0.832017] UDP hash table entries: 8192 (order: 6, 262144 bytes)
[    0.833630] UDP-Lite hash table entries: 8192 (order: 6, 262144 bytes)
[    0.836170] NET: Registered protocol family 1
[    0.836179] pci 0000:00:00.0: Limiting direct PCI/PCI transfers
[    0.836293] pci 0000:00:0f.0: Video device with shadowed ROM at [mem 0x000c0000-0x000dffff]
[    0.837755] PCI: CLS mismatch (32 != 64), using 64 bytes
[    0.838620] Unpacking initramfs...
[    2.435519] Freeing initrd memory: 54616K
[    2.435554] PCI-DMA: Using software bounce buffering for IO (SWIOTLB)
[    2.435556] software IO TLB: mapped [mem 0xbbed0000-0xbfed0000] (64MB)
[    2.435739] Scanning for low memory corruption every 60 seconds
[    2.439199] Initialise system trusted keyrings
[    2.439257] Key type blacklist registered
[    2.439515] workingset: timestamp_bits=36 max_order=22 bucket_order=0
[    2.442205] zbud: loaded
[    2.443497] squashfs: version 4.0 (2009/01/31) Phillip Lougher
[    2.446374] fuse init (API version 7.26)
[    2.469450] Key type asymmetric registered
[    2.469452] Asymmetric key parser 'x509' registered
[    2.469506] Block layer SCSI generic (bsg) driver version 0.4 loaded (major 246)
[    2.469881] io scheduler noop registered
[    2.469882] io scheduler deadline registered
[    2.469913] io scheduler cfq registered (default)
[    2.496795] pcieport 0000:00:15.0: Signaling PME with IRQ 24
[    2.497048] pcieport 0000:00:15.1: Signaling PME with IRQ 25
[    2.497279] pcieport 0000:00:15.2: Signaling PME with IRQ 26
[    2.497517] pcieport 0000:00:15.3: Signaling PME with IRQ 27
[    2.497719] pcieport 0000:00:15.4: Signaling PME with IRQ 28
[    2.497920] pcieport 0000:00:15.5: Signaling PME with IRQ 29
[    2.498119] pcieport 0000:00:15.6: Signaling PME with IRQ 30
[    2.498375] pcieport 0000:00:15.7: Signaling PME with IRQ 31
[    2.498580] pcieport 0000:00:16.0: Signaling PME with IRQ 32
[    2.498937] pcieport 0000:00:16.1: Signaling PME with IRQ 33
[    2.499316] pcieport 0000:00:16.2: Signaling PME with IRQ 34
[    2.499565] pcieport 0000:00:16.3: Signaling PME with IRQ 35
[    2.499875] pcieport 0000:00:16.4: Signaling PME with IRQ 36
[    2.500208] pcieport 0000:00:16.5: Signaling PME with IRQ 37
[    2.500472] pcieport 0000:00:16.6: Signaling PME with IRQ 38
[    2.500848] pcieport 0000:00:16.7: Signaling PME with IRQ 39
[    2.501090] pcieport 0000:00:17.0: Signaling PME with IRQ 40
[    2.501497] pcieport 0000:00:17.1: Signaling PME with IRQ 41
[    2.501764] pcieport 0000:00:17.2: Signaling PME with IRQ 42
[    2.501995] pcieport 0000:00:17.3: Signaling PME with IRQ 43
[    2.502189] pcieport 0000:00:17.4: Signaling PME with IRQ 44
[    2.502420] pcieport 0000:00:17.5: Signaling PME with IRQ 45
[    2.502615] pcieport 0000:00:17.6: Signaling PME with IRQ 46
[    2.502809] pcieport 0000:00:17.7: Signaling PME with IRQ 47
[    2.503006] pcieport 0000:00:18.0: Signaling PME with IRQ 48
[    2.503200] pcieport 0000:00:18.1: Signaling PME with IRQ 49
[    2.503430] pcieport 0000:00:18.2: Signaling PME with IRQ 50
[    2.503625] pcieport 0000:00:18.3: Signaling PME with IRQ 51
[    2.503820] pcieport 0000:00:18.4: Signaling PME with IRQ 52
[    2.504098] pcieport 0000:00:18.5: Signaling PME with IRQ 53
[    2.504295] pcieport 0000:00:18.6: Signaling PME with IRQ 54
[    2.504543] pcieport 0000:00:18.7: Signaling PME with IRQ 55
[    2.504624] pciehp 0000:00:15.0:pcie004: Slot #160 AttnBtn+ PwrCtrl+ MRL- AttnInd- PwrInd- HotPlug+ Surprise- Interlock- NoCompl+ LLActRep+
[    2.504770] pciehp 0000:00:15.1:pcie004: Slot #161 AttnBtn+ PwrCtrl+ MRL- AttnInd- PwrInd- HotPlug+ Surprise- Interlock- NoCompl+ LLActRep+
[    2.504997] pciehp 0000:00:15.2:pcie004: Slot #162 AttnBtn+ PwrCtrl+ MRL- AttnInd- PwrInd- HotPlug+ Surprise- Interlock- NoCompl+ LLActRep+
[    2.505134] pciehp 0000:00:15.3:pcie004: Slot #163 AttnBtn+ PwrCtrl+ MRL- AttnInd- PwrInd- HotPlug+ Surprise- Interlock- NoCompl+ LLActRep+
[    2.505318] pciehp 0000:00:15.4:pcie004: Slot #164 AttnBtn+ PwrCtrl+ MRL- AttnInd- PwrInd- HotPlug+ Surprise- Interlock- NoCompl+ LLActRep+
[    2.505487] pciehp 0000:00:15.5:pcie004: Slot #165 AttnBtn+ PwrCtrl+ MRL- AttnInd- PwrInd- HotPlug+ Surprise- Interlock- NoCompl+ LLActRep+
[    2.505639] pciehp 0000:00:15.6:pcie004: Slot #166 AttnBtn+ PwrCtrl+ MRL- AttnInd- PwrInd- HotPlug+ Surprise- Interlock- NoCompl+ LLActRep+
[    2.505778] pciehp 0000:00:15.7:pcie004: Slot #167 AttnBtn+ PwrCtrl+ MRL- AttnInd- PwrInd- HotPlug+ Surprise- Interlock- NoCompl+ LLActRep+
[    2.505931] pciehp 0000:00:16.0:pcie004: Slot #192 AttnBtn+ PwrCtrl+ MRL- AttnInd- PwrInd- HotPlug+ Surprise- Interlock- NoCompl+ LLActRep+
[    2.506082] pciehp 0000:00:16.1:pcie004: Slot #193 AttnBtn+ PwrCtrl+ MRL- AttnInd- PwrInd- HotPlug+ Surprise- Interlock- NoCompl+ LLActRep+
[    2.506280] pciehp 0000:00:16.2:pcie004: Slot #194 AttnBtn+ PwrCtrl+ MRL- AttnInd- PwrInd- HotPlug+ Surprise- Interlock- NoCompl+ LLActRep+
[    2.506472] pciehp 0000:00:16.3:pcie004: Slot #195 AttnBtn+ PwrCtrl+ MRL- AttnInd- PwrInd- HotPlug+ Surprise- Interlock- NoCompl+ LLActRep+
[    2.506612] pciehp 0000:00:16.4:pcie004: Slot #196 AttnBtn+ PwrCtrl+ MRL- AttnInd- PwrInd- HotPlug+ Surprise- Interlock- NoCompl+ LLActRep+
[    2.506764] pciehp 0000:00:16.5:pcie004: Slot #197 AttnBtn+ PwrCtrl+ MRL- AttnInd- PwrInd- HotPlug+ Surprise- Interlock- NoCompl+ LLActRep+
[    2.506920] pciehp 0000:00:16.6:pcie004: Slot #198 AttnBtn+ PwrCtrl+ MRL- AttnInd- PwrInd- HotPlug+ Surprise- Interlock- NoCompl+ LLActRep+
[    2.507066] pciehp 0000:00:16.7:pcie004: Slot #199 AttnBtn+ PwrCtrl+ MRL- AttnInd- PwrInd- HotPlug+ Surprise- Interlock- NoCompl+ LLActRep+
[    2.507222] pciehp 0000:00:17.0:pcie004: Slot #224 AttnBtn+ PwrCtrl+ MRL- AttnInd- PwrInd- HotPlug+ Surprise- Interlock- NoCompl+ LLActRep+
[    2.507350] pciehp 0000:00:17.1:pcie004: Slot #225 AttnBtn+ PwrCtrl+ MRL- AttnInd- PwrInd- HotPlug+ Surprise- Interlock- NoCompl+ LLActRep+
[    2.507493] pciehp 0000:00:17.2:pcie004: Slot #226 AttnBtn+ PwrCtrl+ MRL- AttnInd- PwrInd- HotPlug+ Surprise- Interlock- NoCompl+ LLActRep+
[    2.507635] pciehp 0000:00:17.3:pcie004: Slot #227 AttnBtn+ PwrCtrl+ MRL- AttnInd- PwrInd- HotPlug+ Surprise- Interlock- NoCompl+ LLActRep+
[    2.507765] pciehp 0000:00:17.4:pcie004: Slot #228 AttnBtn+ PwrCtrl+ MRL- AttnInd- PwrInd- HotPlug+ Surprise- Interlock- NoCompl+ LLActRep+
[    2.507931] pciehp 0000:00:17.5:pcie004: Slot #229 AttnBtn+ PwrCtrl+ MRL- AttnInd- PwrInd- HotPlug+ Surprise- Interlock- NoCompl+ LLActRep+
[    2.508114] pciehp 0000:00:17.6:pcie004: Slot #230 AttnBtn+ PwrCtrl+ MRL- AttnInd- PwrInd- HotPlug+ Surprise- Interlock- NoCompl+ LLActRep+
[    2.508253] pciehp 0000:00:17.7:pcie004: Slot #231 AttnBtn+ PwrCtrl+ MRL- AttnInd- PwrInd- HotPlug+ Surprise- Interlock- NoCompl+ LLActRep+
[    2.508384] pciehp 0000:00:18.0:pcie004: Slot #256 AttnBtn+ PwrCtrl+ MRL- AttnInd- PwrInd- HotPlug+ Surprise- Interlock- NoCompl+ LLActRep+
[    2.508726] pciehp 0000:00:18.1:pcie004: Slot #257 AttnBtn+ PwrCtrl+ MRL- AttnInd- PwrInd- HotPlug+ Surprise- Interlock- NoCompl+ LLActRep+
[    2.508913] pciehp 0000:00:18.2:pcie004: Slot #258 AttnBtn+ PwrCtrl+ MRL- AttnInd- PwrInd- HotPlug+ Surprise- Interlock- NoCompl+ LLActRep+
[    2.509047] pciehp 0000:00:18.3:pcie004: Slot #259 AttnBtn+ PwrCtrl+ MRL- AttnInd- PwrInd- HotPlug+ Surprise- Interlock- NoCompl+ LLActRep+
[    2.509164] pciehp 0000:00:18.4:pcie004: Slot #260 AttnBtn+ PwrCtrl+ MRL- AttnInd- PwrInd- HotPlug+ Surprise- Interlock- NoCompl+ LLActRep+
[    2.509295] pciehp 0000:00:18.5:pcie004: Slot #261 AttnBtn+ PwrCtrl+ MRL- AttnInd- PwrInd- HotPlug+ Surprise- Interlock- NoCompl+ LLActRep+
[    2.509427] pciehp 0000:00:18.6:pcie004: Slot #262 AttnBtn+ PwrCtrl+ MRL- AttnInd- PwrInd- HotPlug+ Surprise- Interlock- NoCompl+ LLActRep+
[    2.509543] pciehp 0000:00:18.7:pcie004: Slot #263 AttnBtn+ PwrCtrl+ MRL- AttnInd- PwrInd- HotPlug+ Surprise- Interlock- NoCompl+ LLActRep+
[    2.510048] intel_idle: Please enable MWAIT in BIOS SETUP
[    2.510543] ACPI: AC Adapter [ACAD] (on-line)
[    2.510794] input: Power Button as /devices/LNXSYSTM:00/LNXPWRBN:00/input/input0
[    2.510998] ACPI: Power Button [PWRF]
[    2.513324] Serial: 8250/16550 driver, 32 ports, IRQ sharing enabled
[    2.538629] 00:05: ttyS0 at I/O 0x3f8 (irq = 4, base_baud = 115200) is a 16550A
[    2.547462] Linux agpgart interface v0.103
[    2.547619] agpgart-intel 0000:00:00.0: Intel 440BX Chipset
[    2.550492] agpgart-intel 0000:00:00.0: AGP aperture is 256M @ 0x0
[    2.588395] loop: module loaded
[    2.588581] ata_piix 0000:00:07.1: version 2.13
[    2.590274] scsi host0: ata_piix
[    2.590939] scsi host1: ata_piix
[    2.591134] ata1: PATA max UDMA/33 cmd 0x1f0 ctl 0x3f6 bmdma 0x1060 irq 14
[    2.591135] ata2: PATA max UDMA/33 cmd 0x170 ctl 0x376 bmdma 0x1068 irq 15
[    2.591423] libphy: Fixed MDIO Bus: probed
[    2.591424] tun: Universal TUN/TAP device driver, 1.6
[    2.591466] PPP generic driver version 2.4.2
[    2.591608] ehci_hcd: USB 2.0 'Enhanced' Host Controller (EHCI) Driver
[    2.591612] ehci-pci: EHCI PCI platform driver
[    2.592773] ehci-pci 0000:02:03.0: EHCI Host Controller
[    2.592779] ehci-pci 0000:02:03.0: new USB bus registered, assigned bus number 1
[    2.593020] ehci-pci 0000:02:03.0: cache line size of 64 is not supported
[    2.593078] ehci-pci 0000:02:03.0: irq 17, io mem 0xfd5ef000
[    2.610087] ehci-pci 0000:02:03.0: USB 2.0 started, EHCI 1.00
[    2.610164] usb usb1: New USB device found, idVendor=1d6b, idProduct=0002
[    2.610165] usb usb1: New USB device strings: Mfr=3, Product=2, SerialNumber=1
[    2.610166] usb usb1: Product: EHCI Host Controller
[    2.610167] usb usb1: Manufacturer: Linux 4.15.0-70-generic ehci_hcd
[    2.610167] usb usb1: SerialNumber: 0000:02:03.0
